minimon_PO_0                    = $0000 ; const, local, , minimon, , ../Z80proto_bio.def:10
minimon_PI_0                    = $000C ; const, local, , minimon, , ../Z80proto_bio.def:11
minimon_ROMSEL                  = $0008 ; const, local, , minimon, , ../Z80proto_bio.def:12
minimon_PAGE1                   = $0009 ; const, local, , minimon, , ../Z80proto_bio.def:13
minimon_SPI_DEVID_NULL          = $0000 ; const, local, , minimon, , ../Z80proto_bio.def:16
minimon_SPI_DEVID_Ch1           = $0040 ; const, local, , minimon, , ../Z80proto_bio.def:18
minimon_SPIROM_CMD_WRSR         = $0001 ; const, local, , minimon, , ../Z80proto_bio.def:22
minimon_SPIROM_CMD_FAST_READ    = $000B ; const, local, , minimon, , ../Z80proto_bio.def:23
minimon_CTC_Ch0                 = $0020 ; const, local, , minimon, , ../z80sioctc.def:3
minimon_CTC_Ch1                 = $0021 ; const, local, , minimon, , ../z80sioctc.def:4
minimon_CTC_Ch2                 = $0022 ; const, local, , minimon, , ../z80sioctc.def:5
minimon_CTC_Ch3                 = $0023 ; const, local, , minimon, , ../z80sioctc.def:6
minimon_SIO_Ch0_D               = $0024 ; const, local, , minimon, , ../z80sioctc.def:7
minimon_SIO_Ch0_C               = $0025 ; const, local, , minimon, , ../z80sioctc.def:8
minimon_SIO_Ch1_C               = $0027 ; const, local, , minimon, , ../z80sioctc.def:10
minimon_NULL                    = $0000 ; const, local, , minimon, , ../z80sioctc.def:13
minimon_BELL                    = $0007 ; const, local, , minimon, , ../z80sioctc.def:14
minimon_CR                      = $000D ; const, local, , minimon, , ../z80sioctc.def:15
minimon_LF                      = $000A ; const, local, , minimon, , ../z80sioctc.def:16
minimon_DELETE                  = $007F ; const, local, , minimon, , ../z80sioctc.def:17
minimon_BACKSPACE               = $0008 ; const, local, , minimon, , ../z80sioctc.def:18
minimon_F_STAT_ALLSENT          = $0000 ; const, local, , minimon, , ../z80sioctc.def:21
minimon_F_STAT_BREAK            = $0001 ; const, local, , minimon, , ../z80sioctc.def:22
minimon_F_STAT_RECEIVE          = $0002 ; const, local, , minimon, , ../z80sioctc.def:23
minimon_F_STAT_TXEMPTY          = $0003 ; const, local, , minimon, , ../z80sioctc.def:24
minimon_PO_1                    = $0001 ; const, local, , minimon, , ../Z80proto_seg.def:3
minimon_PO_2                    = $0002 ; const, local, , minimon, , ../Z80proto_seg.def:4
minimon_S_SEG_0                 = $0000 ; const, local, , minimon, , ../Z80proto_seg.def:6
minimon_S_SEG_5                 = $0005 ; const, local, , minimon, , ../Z80proto_seg.def:11
minimon_BUF_SPIROM              = $F800 ; const, local, , minimon, , ../memmap.def:7
minimon_BUF_SIO0RX              = $F900 ; const, local, , minimon, , ../memmap.def:9
minimon_BUF_CON                 = $F980 ; const, local, , minimon, , ../memmap.def:13
minimon_SIZE_BUF_CON            = $0040 ; const, local, , minimon, , ../memmap.def:14
minimon_BUF_SIO0TX              = $F9C0 ; const, local, , minimon, , ../memmap.def:16
minimon_PO_2_BUP                = $FB00 ; const, local, , minimon, , ../memmap.def:21
minimon_V_CNT_16                = $FB02 ; const, local, , minimon, , ../memmap.def:23
minimon_V_CNT_8A                = $FB04 ; const, local, , minimon, , ../memmap.def:24
minimon_V_CNT_8B                = $FB05 ; const, local, , minimon, , ../memmap.def:25
minimon_SPI_SELD_DEV            = $FB06 ; const, local, , minimon, , ../memmap.def:26
minimon_SEG_STATE               = $FB10 ; const, local, , minimon, , ../memmap.def:28
minimon_SEG_POS                 = $FB11 ; const, local, , minimon, , ../memmap.def:29
minimon_SEG_0                   = $FB12 ; const, local, , minimon, , ../memmap.def:30
minimon_SEG_1                   = $FB13 ; const, local, , minimon, , ../memmap.def:31
minimon_SEG_2                   = $FB14 ; const, local, , minimon, , ../memmap.def:32
minimon_SEG_3                   = $FB15 ; const, local, , minimon, , ../memmap.def:33
minimon_SEG_4                   = $FB16 ; const, local, , minimon, , ../memmap.def:34
minimon_SEG_5                   = $FB17 ; const, local, , minimon, , ../memmap.def:35
minimon_BUF_ASC2BIN             = $FB21 ; const, local, , minimon, , ../memmap.def:38
minimon_F_STAT_SIO0             = $FB30 ; const, local, , minimon, , ../memmap.def:40
minimon_F_STAT_SIO1             = $FB31 ; const, local, , minimon, , ../memmap.def:41
minimon_PTR_BUF_SIO0_RX_READ    = $FB32 ; const, local, , minimon, , ../memmap.def:42
minimon_PTR_BUF_SIO0_RX_WRITE   = $FB33 ; const, local, , minimon, , ../memmap.def:43
minimon_PTR_BUF_SIO1_RX_READ    = $FB34 ; const, local, , minimon, , ../memmap.def:44
minimon_PTR_BUF_SIO1_RX_WRITE   = $FB35 ; const, local, , minimon, , ../memmap.def:45
minimon_BUF_GETCHAR_SIO0        = $FB3A ; const, local, , minimon, , ../memmap.def:50
minimon_CNT_BUF_CON             = $FB3B ; const, local, , minimon, , ../memmap.def:51
minimon_BUF_BREAKPOINT_ADDR     = $FBEC ; const, local, , minimon, , ../memmap.def:56
minimon_REG_BUF                 = $FBF0 ; const, local, , minimon, , ../memmap.def:58
minimon_BIOS_ADDR_TABLE         = $FC00 ; const, local, , minimon, , ../memmap.def:60
minimon_BIOS_ADDR_COUNT         = $000C ; const, local, , minimon, , ../memmap.def:61
minimon_rst00                   = $E000 ; addr, local, , minimon, , minimon.asm:16
minimon_RUN_ON_RAM              = $0001 ; const, local, , minimon, , config.asm:4
minimon_RUN_MODE                = $0001 ; const, local, , minimon, , config.asm:7
minimon_INTERRUPT_MODE          = $0002 ; const, local, , minimon, , config.asm:13
minimon_main                    = $E080 ; addr, local, , minimon, , minimon.asm:29
minimon_rst08                   = $E008 ; addr, local, , minimon, , ../crt_z80_rsts.asm:21
minimon_rst10                   = $E010 ; addr, local, , minimon, , ../crt_z80_rsts.asm:25
minimon_rst18                   = $E018 ; addr, local, , minimon, , ../crt_z80_rsts.asm:29
minimon_rst20                   = $E020 ; addr, local, , minimon, , ../crt_z80_rsts.asm:33
minimon_rst28                   = $E028 ; addr, local, , minimon, , ../crt_z80_rsts.asm:38
minimon_rst30                   = $E030 ; addr, local, , minimon, , ../crt_z80_rsts.asm:43
minimon_rst38                   = $E038 ; addr, local, , minimon, , ../crt_z80_rsts.asm:53
minimon_nmi                     = $E066 ; addr, local, , minimon, , ../crt_z80_rsts.asm:101
minimon_Vectors                 = $E070 ; addr, local, , minimon, , ../crt_z80_rsts.asm:109
minimon_INTDMA                  = $E07A ; addr, local, , minimon, , ../crt_z80_rsts.asm:125
minimon_out_PO_2                = $E4D5 ; addr, local, , minimon, , minimon.asm:669
minimon_main1                   = $E090 ; addr, local, , minimon, , minimon.asm:46
minimon_main2                   = $E096 ; addr, local, , minimon, , minimon.asm:62
minimon_PAYLOAD                 = $E000 ; const, local, , minimon, , minimon.asm:78
minimon_SIZE                    = $0080 ; const, local, , minimon, , minimon.asm:79
minimon_IPL0AREA                = $0000 ; const, local, , minimon, , minimon.asm:80
minimon_init                    = $E0B9 ; addr, local, , minimon, , minimon.asm:90
minimon_conf_sysmem             = $E44D ; addr, local, , minimon, , minimon.asm:568
minimon_BIOS_TABLE              = $E69E ; addr, local, , minimon, , minimon.asm:773
minimon_SEG_TITLE_PROTO2        = $E66C ; addr, local, , minimon, , minimon.asm:735
minimon_MiniMoni                = $E0E9 ; addr, local, , minimon, , minimon.asm:135
minimon_STR_loader_title        = $E678 ; addr, local, , minimon, , minimon.asm:751
minimon_loader_cons             = $E0EF ; addr, local, , minimon, , minimon.asm:150
minimon_SEG_TITLE_CONS          = $E672 ; addr, local, , minimon, , minimon.asm:743
minimon_STR_loader_prompt       = $E686 ; addr, local, , minimon, , minimon.asm:757
minimon_parse_cons              = $E10C ; addr, local, , minimon, , minimon.asm:167
minimon_parse_cons_2            = $E10C ; addr, local, , minimon, , minimon.asm:168
minimon_parse_cons_3            = $E11E ; addr, local, , minimon, , minimon.asm:181
minimon_spirom_loadIndex        = $E16A ; addr, local, , minimon, , minimon.asm:283
minimon_spirom_readIndex        = $E1EB ; addr, local, , minimon, , minimon.asm:355
minimon_spirom_read00           = $E170 ; addr, local, , minimon, , minimon.asm:289
minimon_spirom_setWRSR          = $E21C ; addr, local, , minimon, , minimon.asm:390
minimon_spirom_setAddr          = $E232 ; addr, local, , minimon, , minimon.asm:404
minimon_spirom_read256toBUF     = $E204 ; addr, local, , minimon, , minimon.asm:371
minimon_spirom_read00_loop      = $E1D4 ; addr, local, , minimon, , minimon.asm:333
minimon_spirom_read256_loop     = $E20B ; addr, local, , minimon, , minimon.asm:376
minimon_drv_7seg_sub_disp2      = $E4FC ; addr, local, , minimon, , minimon.asm:705
minimon_int_counter_dec         = $E429 ; addr, local, , minimon, , minimon.asm:529
minimon_int_SIO_Ch0_RCA         = $E26D ; addr, local, , minimon, , minimon.asm:481
minimon_int_SIO_exit            = $E28F ; addr, local, , minimon, , minimon.asm:505
minimon_int_SIO_Ch1             = $E28D ; addr, local, , minimon, , minimon.asm:502
minimon_conf_CTC_Ch0            = $E2AA ; addr, local, , minimon, , ../z80sio_sub.asm:27
minimon_conf_CTC_Ch1            = $E2B3 ; addr, local, , minimon, , ../z80sio_sub.asm:44
minimon_conf_CTC_Ch2            = $E2BC ; addr, local, , minimon, , ../z80sio_sub.asm:59
minimon_SIO0_CONF               = $E2E4 ; addr, local, , minimon, , ../z80sio_sub.asm:101
minimon_SIO1_CONF               = $E2DE ; addr, local, , minimon, , ../z80sio_sub.asm:90
minimon_analyze_SIO0_RR0_bit0   = $E302 ; addr, local, , minimon, , ../z80sio_sub.asm:140
minimon_analyze_SIO0_RR0_bit1   = $E30A ; addr, local, , minimon, , ../z80sio_sub.asm:147
minimon_analyze_SIO0_RR0_bit2   = $E315 ; addr, local, , minimon, , ../z80sio_sub.asm:156
minimon_analyze_SIO0_RR0_bit6   = $E31D ; addr, local, , minimon, , ../z80sio_sub.asm:163
minimon_analyze_SIO0_RR0_bit7   = $E328 ; addr, local, , minimon, , ../z80sio_sub.asm:172
minimon_analyze_SIO0_RR1        = $E337 ; addr, local, , minimon, , ../z80sio_sub.asm:183
minimon_analyze_SIO0_RR1_bit0   = $E341 ; addr, local, , minimon, , ../z80sio_sub.asm:191
minimon_analyze_SIO0_RR1_bit456 = $E349 ; addr, local, , minimon, , ../z80sio_sub.asm:198
minimon_analyze_SIO0_end        = $E355 ; addr, local, , minimon, , ../z80sio_sub.asm:209
minimon_analyze_SIO0_RR1_bit456_e = $E34E ; addr, local, , minimon, , ../z80sio_sub.asm:203
minimon_putchar_SIO0_1          = $E361 ; addr, local, , minimon, , ../z80sio_sub.asm:220
minimon_putchar_SIO0_2          = $E36A ; addr, local, , minimon, , ../z80sio_sub.asm:225
minimon_getchar_SIO0_norecv     = $E39F ; addr, local, , minimon, , ../z80sio_sub.asm:264
minimon_getchar_SIO0_exit       = $E3A4 ; addr, local, , minimon, , ../z80sio_sub.asm:268
minimon_puts_SIO0_loop          = $E3AB ; addr, local, , minimon, , ../z80sio_sub.asm:278
minimon_puts_SIO0_end           = $E3B6 ; addr, local, , minimon, , ../z80sio_sub.asm:287
minimon_del_cons                = $E3E4 ; addr, local, , minimon, , ../z80sio_sub.asm:332
minimon_bs_cons                 = $E3E4 ; addr, local, , minimon, , ../z80sio_sub.asm:331
minimon_gets_SIO0_1             = $E3D3 ; addr, local, , minimon, , ../z80sio_sub.asm:313
minimon_gets_SIO0_2             = $E3DF ; addr, local, , minimon, , ../z80sio_sub.asm:325
minimon_bs_cons_2               = $E3F3 ; addr, local, , minimon, , ../z80sio_sub.asm:341
minimon_init_SIO_buffers        = $E3FD ; addr, local, , minimon, , ../z80sio_sub.asm:349
minimon_int_counter_16          = $E429 ; addr, local, , minimon, , minimon.asm:530
minimon_int_counter_16_end      = $E432 ; addr, local, , minimon, , minimon.asm:535
minimon_int_counter_8           = $E435 ; addr, local, , minimon, , minimon.asm:538
minimon_int_counter_8B          = $E43C ; addr, local, , minimon, , minimon.asm:543
minimon_int_counter_8_end       = $E446 ; addr, local, , minimon, , minimon.asm:550
minimon_drv_7seg                = $E47B ; addr, local, , minimon, , minimon.asm:604
minimon_drv_7seg_S0             = $E48B ; addr, local, , minimon, , minimon.asm:616
minimon_drv_7seg_S2             = $E4BD ; addr, local, , minimon, , minimon.asm:649
minimon_drv_7seg_S1             = $E4B4 ; addr, local, , minimon, , minimon.asm:644
minimon_drv_7seg_S0_1           = $E499 ; addr, local, , minimon, , minimon.asm:624
minimon_drv_7seg_end            = $E4D4 ; addr, local, , minimon, , minimon.asm:666
minimon_drv_7seg_exit           = $E4C8 ; addr, local, , minimon, , minimon.asm:656
minimon_drv_7seg_S0_ex2         = $E4D1 ; addr, local, , minimon, , minimon.asm:663
minimon_drv_7seg_sub_disp4      = $E4DB ; addr, local, , minimon, , minimon.asm:680
minimon_drv_7seg_sub_disp2_2    = $E4FE ; addr, local, , minimon, , minimon.asm:708
minimon_debug_rst_exit          = $E52F ; addr, local, , minimon, , ../Z80proto_dbg.asm:27
minimon_get_PC                  = $E577 ; addr, local, , minimon, , ../Z80proto_dbg.asm:66
minimon_sub_05e4h               = $E583 ; addr, local, , minimon, , ../Z80proto_misc.asm:19
minimon_l05e8h                  = $E586 ; addr, local, , minimon, , ../Z80proto_misc.asm:21
minimon_l05e8h_2                = $E58E ; addr, local, , minimon, , ../Z80proto_misc.asm:27
minimon_numbers                 = $E5A4 ; addr, local, , minimon, , ../Z80proto_misc.asm:46
minimon_asc2bin_A2F             = $E605 ; addr, local, , minimon, , ../ascii_misc.asm:58
minimon_SCLK                    = $0003 ; const, local, , minimon, , ../Z80proto_spi.asm:9
minimon_MISO                    = $0004 ; const, local, , minimon, , ../Z80proto_spi.asm:10
minimon_MOSI                    = $0004 ; const, local, , minimon, , ../Z80proto_spi.asm:11
minimon_spi_read_8bit_2         = $E628 ; addr, local, , minimon, , ../Z80proto_spi.asm:45
minimon_spi_read_8bit_L         = $E639 ; addr, local, , minimon, , ../Z80proto_spi.asm:60
minimon_spi_read_8bit_H         = $E635 ; addr, local, , minimon, , ../Z80proto_spi.asm:57
minimon_spi_read_8bit_3         = $E63B ; addr, local, , minimon, , ../Z80proto_spi.asm:63
minimon_spi_read_8bit_end       = $E642 ; addr, local, , minimon, , ../Z80proto_spi.asm:71
minimon_spi_write_8bit_2        = $E64F ; addr, local, , minimon, , ../Z80proto_spi.asm:91
minimon_spi_write_8bit_L        = $E657 ; addr, local, , minimon, , ../Z80proto_spi.asm:97
minimon_spi_write_8bit_H        = $E653 ; addr, local, , minimon, , ../Z80proto_spi.asm:94
minimon_spi_write_8bit_3        = $E659 ; addr, local, , minimon, , ../Z80proto_spi.asm:100
minimon_spi_write_8bit_end      = $E667 ; addr, local, , minimon, , ../Z80proto_spi.asm:115
minimon_spi_read_16bit          = $E66B ; addr, local, , minimon, , ../Z80proto_spi.asm:122
minimon_spi_write_16bit         = $E66B ; addr, local, , minimon, , ../Z80proto_spi.asm:123
BUF_CON                         = $F980 ; const, local, , command_j, , ../memmap.def:13
jump_cons_ret                   = $E6C9 ; addr, local, , command_j, , command_j.asm:19
CR                              = $000D ; const, local, , command_d, , ../z80sioctc.def:15
LF                              = $000A ; const, local, , command_d, , ../z80sioctc.def:16
BUF_CON                         = $F980 ; const, local, , command_d, , ../memmap.def:13
BUF_SIO0TX                      = $F9C0 ; const, local, , command_d, , ../memmap.def:16
dump_cons_loop                  = $E6D9 ; addr, local, , command_d, , command_d.asm:22
dump_cons3                      = $E6F8 ; addr, local, , command_d, , command_d.asm:42
dump_cons3_2                    = $E6FC ; addr, local, , command_d, , command_d.asm:47
dump_cons3_3                    = $E702 ; addr, local, , command_d, , command_d.asm:51
dump_cons3_4                    = $E728 ; addr, local, , command_d, , command_d.asm:73
dump_cons3_5                    = $E72D ; addr, local, , command_d, , command_d.asm:76
BUF_CON                         = $F980 ; const, local, , command_m, , ../memmap.def:13
CR                              = $000D ; const, local, , command_p, , ../z80sioctc.def:15
LF                              = $000A ; const, local, , command_p, , ../z80sioctc.def:16
BUF_CON                         = $F980 ; const, local, , command_p, , ../memmap.def:13
in_port_cons                    = $E76D ; addr, local, , command_p, , command_p.asm:29
out_port_cons                   = $E785 ; addr, local, , command_p, , command_p.asm:45
FD_CONTROL                      = $0030 ; const, local, , command_f, , ../z80dma_fdc.def:6
FDC_CMD                         = $0034 ; const, local, , command_f, , ../z80dma_fdc.def:7
DMA_CMD                         = $0038 ; const, local, , command_f, , ../z80dma_fdc.def:11
CR                              = $000D ; const, local, , command_f, , ../z80sioctc.def:15
LF                              = $000A ; const, local, , command_f, , ../z80sioctc.def:16
BUF_CON                         = $F980 ; const, local, , command_f, , ../memmap.def:13
FDC_COMMAND_DATA                = $FB3C ; const, local, , command_f, , ../memmap.def:53
FDC_COMMAND_CMD                 = $FB3D ; const, local, , command_f, , ../memmap.def:54
fdc_cmd_wctrl                   = $E7BF ; addr, local, , command_f, , command_f.asm:48
fdc_cmd_rctrl                   = $E7C4 ; addr, local, , command_f, , command_f.asm:53
fd_command_exit                 = $E7D3 ; addr, local, , command_f, , command_f.asm:61
fd_cmd_fdc                      = $E7BC ; addr, local, , command_f, , command_f.asm:45
fd_init                         = $E7D9 ; addr, local, , command_f, , command_f.asm:68
fd_command_exit_2               = $E7D4 ; addr, local, , command_f, , command_f.asm:63
fd_init_2                       = $E7F1 ; addr, local, , command_f, , command_f.asm:84
fd_wait_busy                    = $E812 ; addr, local, , command_f, , command_f.asm:114
fd_init_2_1                     = $E80B ; addr, local, , command_f, , command_f.asm:107
fd_init_2_2                     = $E811 ; addr, local, , command_f, , command_f.asm:111
fd_wait_busy2                   = $E819 ; addr, local, , command_f, , command_f.asm:121
dma_init                        = $E82F ; addr, local, , command_f, , command_f.asm:135
dma_init_2                      = $E833 ; addr, local, , command_f, , command_f.asm:138
BUF_CON                         = $F980 ; const, local, , command_b, , ../memmap.def:13
BUF_BREAKPOINT_ADDR             = $FBEC ; const, local, , command_b, , ../memmap.def:56
BUF_BREAKPOINT_OPCODE           = $FBEE ; const, local, , command_b, , ../memmap.def:57
RST30H                          = $00F7 ; const, local, , command_b, , command_b.asm:12
breakpoint_set                  = $E854 ; addr, local, , command_b, , command_b.asm:30
breakpoint_reset                = $E86C ; addr, local, , command_b, , command_b.asm:39
_buf                            = $E899 ; addr, local, , dummy_c, bss_compiler, dummy.c::sprit_buf::0::1:16
__CLASSIC                       = $0001 ; const, local, , strnlen_callee, , obj/z80/x/home/yasuno/Developments/z88dk/libsrc/_DEVELOPMENT/string/c/sccz80/strnlen_callee.o:0
notend                          = $E8FC ; addr, local, , asm_strnlen, code_string, /home/yasuno/Developments/z88dk/libsrc/_DEVELOPMENT/string/z80/asm_strnlen.asm:70
isend                           = $E8FB ; addr, local, , asm_strnlen, code_string, /home/yasuno/Developments/z88dk/libsrc/_DEVELOPMENT/string/z80/asm_strnlen.asm:66
INTSIO                          = $E078 ; addr, public, , minimon, , ../crt_z80_rsts.asm:121
INTCTC                          = $E070 ; addr, public, , minimon, , ../crt_z80_rsts.asm:114
putAreg2chrs                    = $E40B ; addr, public, , minimon, , ../z80sio_sub.asm:358
int_CTC                         = $E24B ; addr, public, , minimon, , minimon.asm:455
int_SIO                         = $E25B ; addr, public, , minimon, , minimon.asm:471
int_void                        = $E295 ; addr, public, , minimon, , minimon.asm:512
DEBUGBREAK                      = $E540 ; addr, public, , minimon, , ../Z80proto_dbg.asm:39
Hexadecimal                     = $E050 ; addr, public, , minimon, , ../crt_z80_rsts.asm:82
sloop                           = $E57C ; addr, public, , minimon, , ../Z80proto_misc.asm:9
loader_cons_oneliner            = $E0FA ; addr, public, , minimon, , minimon.asm:157
de2buf_sio0tx                   = $E144 ; addr, public, , minimon, , minimon.asm:246
analyze_SIO0                    = $E2F0 ; addr, public, , minimon, , ../z80sio_sub.asm:127
putchar_SIO0                    = $E35A ; addr, public, , minimon, , ../z80sio_sub.asm:216
getchar_SIO0                    = $E374 ; addr, public, , minimon, , ../z80sio_sub.asm:236
puts_SIO0                       = $E3AA ; addr, public, , minimon, , ../z80sio_sub.asm:275
gets_SIO0                       = $E3B8 ; addr, public, , minimon, , ../z80sio_sub.asm:292
conf_CTC                        = $E299 ; addr, public, , minimon, , ../z80sio_sub.asm:15
conf_SIO                        = $E2C5 ; addr, public, , minimon, , ../z80sio_sub.asm:69
debug_rst08                     = $E51D ; addr, public, , minimon, , ../Z80proto_dbg.asm:12
debug_rst10                     = $E523 ; addr, public, , minimon, , ../Z80proto_dbg.asm:17
debug_rst18                     = $E529 ; addr, public, , minimon, , ../Z80proto_dbg.asm:22
DEBUGSTOP                       = $E570 ; addr, public, , minimon, , ../Z80proto_dbg.asm:59
loop                            = $E582 ; addr, public, , minimon, , ../Z80proto_misc.asm:17
get_SEG_CHR                     = $E594 ; addr, public, , minimon, , ../Z80proto_misc.asm:35
p_ix2bc                         = $E5C6 ; addr, public, , minimon, , ../ascii_misc.asm:7
nibble2a                        = $E5E0 ; addr, public, , minimon, , ../ascii_misc.asm:25
a2nibble                        = $E5F3 ; addr, public, , minimon, , ../ascii_misc.asm:41
asc2bin                         = $E5FE ; addr, public, , minimon, , ../ascii_misc.asm:50
spi_dev_sel                     = $E60A ; addr, public, , minimon, , ../Z80proto_spi.asm:14
spi_dev_unsel                   = $E618 ; addr, public, , minimon, , ../Z80proto_spi.asm:29
spi_read_8bit                   = $E61F ; addr, public, , minimon, , ../Z80proto_spi.asm:35
spi_write_8bit                  = $E646 ; addr, public, , minimon, , ../Z80proto_spi.asm:80
STR_error                       = $E68A ; addr, public, , minimon, , minimon.asm:762
STR_FDCDMA                      = $E695 ; addr, public, , minimon, , minimon.asm:769
jump_cons                       = $E6B6 ; addr, public, , command_j, , command_j.asm:8
dump_cons                       = $E6CC ; addr, public, , command_d, , command_d.asm:12
modify_cons                     = $E73E ; addr, public, , command_m, , command_m.asm:8
inout_port_cons                 = $E751 ; addr, public, , command_p, , command_p.asm:13
fdc_command_cons                = $E791 ; addr, public, , command_f, , command_f.asm:18
breakp_cons                     = $E838 ; addr, public, , command_b, , command_b.asm:14
_dummy                          = $E87F ; addr, public, , dummy_c, code_compiler, dummy.c::dummy::0::0:9
_sprit_buf                      = $E888 ; addr, public, , dummy_c, code_compiler, dummy.c::sprit_buf::0::1:16
call_dummy                      = $E879 ; addr, public, , call_dummy, , call_dummy.asm:6
strnlen_callee                  = $E8E9 ; addr, public, , strnlen_callee, code_string, /home/yasuno/Developments/z88dk/libsrc/_DEVELOPMENT/string/c/sccz80/strnlen_callee.asm:11
_strnlen_callee                 = $E8E9 ; addr, public, , strnlen_callee, code_string, /home/yasuno/Developments/z88dk/libsrc/_DEVELOPMENT/string/c/sccz80/strnlen_callee.asm:33
asm_strnlen                     = $E8EF ; addr, public, , asm_strnlen, code_string, /home/yasuno/Developments/z88dk/libsrc/_DEVELOPMENT/string/z80/asm_strnlen.asm:20
error_znc                       = $E902 ; addr, public, , error_znc, code_error, ../_DEVELOPMENT/error/z80/error_znc.asm:11
__head                          = $E000 ; const, public, def, , ,
__tail                          = $E908 ; const, public, def, , ,
__size                          = $0908 ; const, public, def, , ,
__code_compiler_head            = $E87F ; const, public, def, , ,
__code_compiler_tail            = $E899 ; const, public, def, , ,
__code_compiler_size            = $001A ; const, public, def, , ,
__bss_compiler_head             = $E899 ; const, public, def, , ,
__bss_compiler_tail             = $E8E9 ; const, public, def, , ,
__bss_compiler_size             = $0050 ; const, public, def, , ,
__code_clib_head                = $E8E9 ; const, public, def, , ,
__code_clib_tail                = $E8E9 ; const, public, def, , ,
__code_clib_size                = $0000 ; const, public, def, , ,
__code_string_head              = $E8E9 ; const, public, def, , ,
__code_string_tail              = $E8FF ; const, public, def, , ,
__code_string_size              = $0016 ; const, public, def, , ,
__code_error_head               = $E8FF ; const, public, def, , ,
__code_error_tail               = $E908 ; const, public, def, , ,
__code_error_size               = $0009 ; const, public, def, , ,
