minimon_WITH_XYMODEM            = $0001 ; const, local, , minimon, , minimon.o:0
minimon_USE_LCD                 = $0001 ; const, local, , minimon, , minimon.o:0
minimon_WITH_7SEG               = $0000 ; const, local, , minimon, , minimon.o:0
minimon_WITH_SPI                = $0001 ; const, local, , minimon, , minimon.o:0
minimon_rst00                   = $D800 ; addr, local, , minimon, , minimon.asm:10
minimon_INTERRUPT_MODE          = $0002 ; const, local, , minimon, , config.asm:5
minimon_RUN_WITH_ROM            = $0000 ; const, local, , minimon, , config.asm:11
minimon_RUN_ON_RAM              = $0001 ; const, local, , minimon, , config.asm:12
minimon_RUN_MODE                = $0000 ; const, local, , minimon, , config.asm:14
minimon_TARGET_SAKI80           = $0001 ; const, local, , minimon, , config.asm:24
minimon_SUPMOD                  = $0001 ; const, local, , minimon, , config.asm:25
minimon_SIO_RX_INT              = $0000 ; const, local, , minimon, , config.asm:26
minimon_DEBUG_PIOOUT            = $0001 ; const, local, , minimon, , config.asm:33
minimon_DEBUG_PIOCTRL           = $001D ; const, local, , minimon, , config.asm:34
minimon_DEBUG_PIOA              = $001C ; const, local, , minimon, , config.asm:35
minimon_main                    = $D880 ; addr, local, , minimon, , minimon.asm:35
minimon_PO_0                    = $0000 ; const, local, , minimon, , ../Z80proto_bio.def:13
minimon_PI_0                    = $000C ; const, local, , minimon, , ../Z80proto_bio.def:14
minimon_ROMSEL                  = $0008 ; const, local, , minimon, , ../Z80proto_bio.def:17
minimon_PAGE1                   = $0009 ; const, local, , minimon, , ../Z80proto_bio.def:18
minimon_SPI_DEVID_NULL          = $0000 ; const, local, , minimon, , ../Z80proto_bio.def:22
minimon_SPI_DEVID_Ch1           = $0040 ; const, local, , minimon, , ../Z80proto_bio.def:24
minimon_SPIROM_CMD_WRSR         = $0001 ; const, local, , minimon, , ../Z80proto_bio.def:28
minimon_SPIROM_CMD_FAST_READ    = $000B ; const, local, , minimon, , ../Z80proto_bio.def:29
minimon_CTC_Ch0                 = $0010 ; const, local, , minimon, , ../saki80sioctc.def:3
minimon_CTC_Ch1                 = $0011 ; const, local, , minimon, , ../saki80sioctc.def:4
minimon_CTC_Ch2                 = $0012 ; const, local, , minimon, , ../saki80sioctc.def:5
minimon_CTC_Ch3                 = $0013 ; const, local, , minimon, , ../saki80sioctc.def:6
minimon_SIO_Ch0_D               = $0018 ; const, local, , minimon, , ../saki80sioctc.def:7
minimon_SIO_Ch0_C               = $0019 ; const, local, , minimon, , ../saki80sioctc.def:8
minimon_CTC_SIO0_PRESC          = $0034 ; const, local, , minimon, , ../saki80sioctc.def:14
minimon_NULL                    = $0000 ; const, local, , minimon, , ../saki80sioctc.def:18
minimon_BELL                    = $0007 ; const, local, , minimon, , ../saki80sioctc.def:19
minimon_CR                      = $000D ; const, local, , minimon, , ../saki80sioctc.def:20
minimon_LF                      = $000A ; const, local, , minimon, , ../saki80sioctc.def:21
minimon_DELETE                  = $007F ; const, local, , minimon, , ../saki80sioctc.def:22
minimon_BACKSPACE               = $0008 ; const, local, , minimon, , ../saki80sioctc.def:23
minimon_XON                     = $0011 ; const, local, , minimon, , ../saki80sioctc.def:26
minimon_XOFF                    = $0013 ; const, local, , minimon, , ../saki80sioctc.def:27
minimon_BIT_DTR                 = $0007 ; const, local, , minimon, , ../saki80sioctc.def:30
minimon_BIT_RTS                 = $0001 ; const, local, , minimon, , ../saki80sioctc.def:31
minimon_F_STAT_ALLSENT          = $0000 ; const, local, , minimon, , ../saki80sioctc.def:34
minimon_F_STAT_BREAK            = $0001 ; const, local, , minimon, , ../saki80sioctc.def:35
minimon_F_STAT_RECEIVE          = $0002 ; const, local, , minimon, , ../saki80sioctc.def:36
minimon_F_STAT_TXEMPTY          = $0003 ; const, local, , minimon, , ../saki80sioctc.def:37
minimon_PO_1                    = $0001 ; const, local, , minimon, , ../Z80proto_seg.def:3
minimon_PO_2                    = $0002 ; const, local, , minimon, , ../Z80proto_seg.def:4
minimon_S_SEG_0                 = $0000 ; const, local, , minimon, , ../Z80proto_seg.def:6
minimon_BUF_SPIROM              = $F800 ; const, local, , minimon, , ../memmap.def:7
minimon_BUF_SIO0RX              = $F900 ; const, local, , minimon, , ../memmap.def:9
minimon_BUF_CON                 = $F980 ; const, local, , minimon, , ../memmap.def:13
minimon_SIZE_BUF_CON            = $0040 ; const, local, , minimon, , ../memmap.def:14
minimon__BUF_SIO128_0           = $F9C0 ; const, local, , minimon, , ../memmap.def:16
minimon_BUF_SIO0TX              = $F9C0 ; const, local, , minimon, , ../memmap.def:17
minimon__BUF_SIO128_1           = $FA40 ; const, local, , minimon, , ../memmap.def:20
minimon_PO_2_BUP                = $FB00 ; const, local, , minimon, , ../memmap.def:24
minimon_V_CNT_16                = $FB02 ; const, local, , minimon, , ../memmap.def:26
minimon_V_CNT_8A                = $FB04 ; const, local, , minimon, , ../memmap.def:27
minimon_V_CNT_8B                = $FB05 ; const, local, , minimon, , ../memmap.def:28
minimon__SysTick                = $FB06 ; const, local, , minimon, , ../memmap.def:29
minimon_SysTick                 = $FB06 ; const, local, , minimon, , ../memmap.def:30
minimon__SysTick2               = $FB08 ; const, local, , minimon, , ../memmap.def:31
minimon_SysTick2                = $FB08 ; const, local, , minimon, , ../memmap.def:32
minimon__SlowTick               = $FB0A ; const, local, , minimon, , ../memmap.def:33
minimon_SlowTick                = $FB0A ; const, local, , minimon, , ../memmap.def:34
minimon_SlowTick_B              = $FB0C ; const, local, , minimon, , ../memmap.def:35
minimon_SPI_SELD_DEV            = $FB0E ; const, local, , minimon, , ../memmap.def:36
minimon_SEG_STATE               = $FB10 ; const, local, , minimon, , ../memmap.def:38
minimon_SEG_POS                 = $FB11 ; const, local, , minimon, , ../memmap.def:39
minimon_SEG_0                   = $FB12 ; const, local, , minimon, , ../memmap.def:40
minimon_SEG_1                   = $FB13 ; const, local, , minimon, , ../memmap.def:41
minimon_SEG_2                   = $FB14 ; const, local, , minimon, , ../memmap.def:42
minimon_SEG_3                   = $FB15 ; const, local, , minimon, , ../memmap.def:43
minimon_SEG_4                   = $FB16 ; const, local, , minimon, , ../memmap.def:44
minimon_SEG_5                   = $FB17 ; const, local, , minimon, , ../memmap.def:45
minimon_BUF_ASC2BIN             = $FB21 ; const, local, , minimon, , ../memmap.def:51
minimon_F_STAT_SIO0             = $FB30 ; const, local, , minimon, , ../memmap.def:53
minimon_F_STAT_SIO1             = $FB31 ; const, local, , minimon, , ../memmap.def:54
minimon_PTR_BUF_SIO0_RX_READ    = $FB32 ; const, local, , minimon, , ../memmap.def:55
minimon_PTR_BUF_SIO0_RX_WRITE   = $FB33 ; const, local, , minimon, , ../memmap.def:56
minimon_PTR_BUF_SIO1_RX_READ    = $FB34 ; const, local, , minimon, , ../memmap.def:57
minimon_PTR_BUF_SIO1_RX_WRITE   = $FB35 ; const, local, , minimon, , ../memmap.def:58
minimon__BUF_GETCHAR_SIO0       = $FB3A ; const, local, , minimon, , ../memmap.def:63
minimon_BUF_GETCHAR_SIO0        = $FB3A ; const, local, , minimon, , ../memmap.def:64
minimon_CNT_BUF_CON             = $FB3C ; const, local, , minimon, , ../memmap.def:65
minimon_BUF_BREAKPOINT_ADDR     = $FBEC ; const, local, , minimon, , ../memmap.def:70
minimon_REG_BUF                 = $FBF0 ; const, local, , minimon, , ../memmap.def:72
minimon_BIOS_ADDR_TABLE         = $FC00 ; const, local, , minimon, , ../memmap.def:74
minimon_BIOS_ADDR_COUNT         = $000C ; const, local, , minimon, , ../memmap.def:75
minimon__XYW                    = $FC20 ; const, local, , minimon, , ../memmap.def:78
minimon_rst08                   = $D808 ; addr, local, , minimon, , ../crt_z80_rsts.asm:21
minimon_rst10                   = $D810 ; addr, local, , minimon, , ../crt_z80_rsts.asm:25
minimon_rst18                   = $D818 ; addr, local, , minimon, , ../crt_z80_rsts.asm:29
minimon_rst20                   = $D820 ; addr, local, , minimon, , ../crt_z80_rsts.asm:33
minimon_rst28                   = $D828 ; addr, local, , minimon, , ../crt_z80_rsts.asm:38
minimon_rst30                   = $D830 ; addr, local, , minimon, , ../crt_z80_rsts.asm:43
minimon_rst38                   = $D838 ; addr, local, , minimon, , ../crt_z80_rsts.asm:53
minimon_nmi                     = $D866 ; addr, local, , minimon, , ../crt_z80_rsts.asm:101
minimon_Vectors                 = $D870 ; addr, local, , minimon, , ../crt_z80_rsts.asm:110
minimon_INTCTC                  = $D870 ; addr, local, , minimon, , ../crt_z80_rsts.asm:115
minimon_INTSIO                  = $D878 ; addr, local, , minimon, , ../crt_z80_rsts.asm:122
minimon_INTDMA                  = $D87A ; addr, local, , minimon, , ../crt_z80_rsts.asm:126
minimon_WDTER                   = $00F0 ; const, local, , minimon, , minimon.asm:38
minimon_WDTCR                   = $00F1 ; const, local, , minimon, , minimon.asm:39
minimon_out_PO_2                = $DCDF ; addr, local, , minimon, , minimon.asm:866
minimon_init                    = $D8A0 ; addr, local, , minimon, , minimon.asm:110
minimon_conf_sysmem             = $DCB1 ; addr, local, , minimon, , minimon.asm:657
minimon_BIOS_TABLE              = $DE87 ; addr, local, , minimon, , minimon.asm:937
minimon_DEBUG_PIOOUT_SETUP      = $DD47 ; addr, local, , minimon, , ../Z80proto_dbg.asm:78
minimon_SEG_TITLE_PROTO2        = $DE46 ; addr, local, , minimon, , minimon.asm:879
minimon_MiniMoni                = $D8D3 ; addr, local, , minimon, , minimon.asm:159
minimon_STR_loader_title        = $DE58 ; addr, local, , minimon, , minimon.asm:903
minimon_loader_cons             = $D8DD ; addr, local, , minimon, , minimon.asm:174
minimon_SEG_TITLE_CONS          = $DE52 ; addr, local, , minimon, , minimon.asm:895
minimon_STR_loader_prompt       = $DE6F ; addr, local, , minimon, , minimon.asm:921
minimon_parse_cons              = $D8FA ; addr, local, , minimon, , minimon.asm:192
minimon_parse_cons_2            = $D8FA ; addr, local, , minimon, , minimon.asm:193
minimon_parse_cons_3            = $D90C ; addr, local, , minimon, , minimon.asm:206
minimon_spirom_loadIndex        = $D967 ; addr, local, , minimon, , minimon.asm:332
minimon_spirom_readIndex        = $D9E8 ; addr, local, , minimon, , minimon.asm:403
minimon_spirom_read00           = $D96D ; addr, local, , minimon, , minimon.asm:338
minimon_spirom_setWRSR          = $DA14 ; addr, local, , minimon, , minimon.asm:440
minimon_spirom_setAddr          = $DA2A ; addr, local, , minimon, , minimon.asm:454
minimon_spirom_read256toBUF     = $DA01 ; addr, local, , minimon, , minimon.asm:419
minimon_spirom_read00_loop      = $D9D1 ; addr, local, , minimon, , minimon.asm:381
minimon_spirom_read256_loop     = $DA08 ; addr, local, , minimon, , minimon.asm:424
minimon_int_counter_dec         = $DC6D ; addr, local, , minimon, , minimon.asm:596
minimon_int_SIO_exit            = $DA92 ; addr, local, , minimon, , minimon.asm:563
minimon_int_SIO_Ch0_RCA         = $DA70 ; addr, local, , minimon, , minimon.asm:539
minimon_int_SIO_Ch1             = $DA90 ; addr, local, , minimon, , minimon.asm:560
minimon_conf_CTC_Ch0            = $DABD ; addr, local, , minimon, , ../z80sio_sub.asm:28
minimon_conf_CTC_Ch3            = $DAC6 ; addr, local, , minimon, , ../z80sio_sub.asm:88
minimon_SIO0_CONF               = $DAE2 ; addr, local, , minimon, , ../z80sio_sub.asm:142
minimon_SIO1_CONF               = $DADC ; addr, local, , minimon, , ../z80sio_sub.asm:131
minimon_analyze_SIO0_RR0_bit0   = $DB00 ; addr, local, , minimon, , ../z80sio_sub.asm:192
minimon_analyze_SIO0_RR0_bit1   = $DB00 ; addr, local, , minimon, , ../z80sio_sub.asm:200
minimon_analyze_SIO0_RR0_bit2   = $DB0B ; addr, local, , minimon, , ../z80sio_sub.asm:209
minimon_analyze_SIO0_RR0_bit6   = $DB13 ; addr, local, , minimon, , ../z80sio_sub.asm:216
minimon_analyze_SIO0_RR0_bit7   = $DB1E ; addr, local, , minimon, , ../z80sio_sub.asm:225
minimon_analyze_SIO0_RR1        = $DB2D ; addr, local, , minimon, , ../z80sio_sub.asm:236
minimon_analyze_SIO0_RR1_bit0   = $DB37 ; addr, local, , minimon, , ../z80sio_sub.asm:244
minimon_analyze_SIO0_RR1_bit456 = $DB3F ; addr, local, , minimon, , ../z80sio_sub.asm:251
minimon_analyze_SIO0_end        = $DB4B ; addr, local, , minimon, , ../z80sio_sub.asm:262
minimon_analyze_SIO0_RR1_bit456_e = $DB44 ; addr, local, , minimon, , ../z80sio_sub.asm:256
minimon_putchar_SIO0_0          = $DB55 ; addr, local, , minimon, , ../z80sio_sub.asm:278
minimon_putchar_SIO0_1          = $DB5B ; addr, local, , minimon, , ../z80sio_sub.asm:281
minimon_putchar_SIO0_2          = $DB64 ; addr, local, , minimon, , ../z80sio_sub.asm:286
minimon_getchar_SIO0_norecv     = $DBC1 ; addr, local, , minimon, , ../z80sio_sub.asm:391
minimon_getchar_SIO0_2          = $DB7D ; addr, local, , minimon, , ../z80sio_sub.asm:312
minimon_getchar_SIO0_2_2        = $DB81 ; addr, local, , minimon, , ../z80sio_sub.asm:316
minimon_getchar_SIO0_2_3        = $DBA8 ; addr, local, , minimon, , ../z80sio_sub.asm:344
minimon_getchar_SIO0_exit       = $DBCB ; addr, local, , minimon, , ../z80sio_sub.asm:397
minimon_puts_SIO0_loop          = $DBDA ; addr, local, , minimon, , ../z80sio_sub.asm:416
minimon_puts_SIO0_end           = $DBE5 ; addr, local, , minimon, , ../z80sio_sub.asm:425
minimon_del_cons                = $DC18 ; addr, local, , minimon, , ../z80sio_sub.asm:475
minimon_bs_cons                 = $DC18 ; addr, local, , minimon, , ../z80sio_sub.asm:474
minimon_gets_SIO0_3             = $DC14 ; addr, local, , minimon, , ../z80sio_sub.asm:470
minimon_gets_SIO0_1             = $DC03 ; addr, local, , minimon, , ../z80sio_sub.asm:452
minimon_gets_SIO0_2             = $DC0F ; addr, local, , minimon, , ../z80sio_sub.asm:464
minimon_bs_cons_2               = $DC27 ; addr, local, , minimon, , ../z80sio_sub.asm:484
minimon_int_counter_16          = $DC6D ; addr, local, , minimon, , minimon.asm:597
minimon_int_counter_16_end      = $DC76 ; addr, local, , minimon, , minimon.asm:602
minimon_int_counter_8           = $DC79 ; addr, local, , minimon, , minimon.asm:605
minimon_int_counter_8B          = $DC80 ; addr, local, , minimon, , minimon.asm:610
minimon_int_counter_8_end       = $DC8A ; addr, local, , minimon, , minimon.asm:617
minimon_int_SysTick_16          = $DC8D ; addr, local, , minimon, , minimon.asm:625
minimon_int_SlowTick_16         = $DC9B ; addr, local, , minimon, , minimon.asm:632
minimon_int_SlowTick_16_end     = $DCAD ; addr, local, , minimon, , minimon.asm:642
minimon_debug_rst_exit          = $DCF7 ; addr, local, , minimon, , ../Z80proto_dbg.asm:27
minimon_get_PC                  = $DD42 ; addr, local, , minimon, , ../Z80proto_dbg.asm:68
minimon_sub_05e4h               = $DD5D ; addr, local, , minimon, , ../Z80proto_misc.asm:19
minimon_l05e8h                  = $DD60 ; addr, local, , minimon, , ../Z80proto_misc.asm:21
minimon_l05e8h_2                = $DD68 ; addr, local, , minimon, , ../Z80proto_misc.asm:27
minimon_numbers                 = $DD7E ; addr, local, , minimon, , ../Z80proto_misc.asm:46
minimon_asc2bin_A2F             = $DDDF ; addr, local, , minimon, , ../ascii_misc.asm:58
minimon_SCLK                    = $0003 ; const, local, , minimon, , ../Z80proto_spi.asm:9
minimon_MISO                    = $0004 ; const, local, , minimon, , ../Z80proto_spi.asm:10
minimon_MOSI                    = $0004 ; const, local, , minimon, , ../Z80proto_spi.asm:11
minimon_spi_read_8bit_2         = $DE02 ; addr, local, , minimon, , ../Z80proto_spi.asm:45
minimon_spi_read_8bit_L         = $DE13 ; addr, local, , minimon, , ../Z80proto_spi.asm:60
minimon_spi_read_8bit_H         = $DE0F ; addr, local, , minimon, , ../Z80proto_spi.asm:57
minimon_spi_read_8bit_3         = $DE15 ; addr, local, , minimon, , ../Z80proto_spi.asm:63
minimon_spi_read_8bit_end       = $DE1C ; addr, local, , minimon, , ../Z80proto_spi.asm:71
minimon_spi_write_8bit_2        = $DE29 ; addr, local, , minimon, , ../Z80proto_spi.asm:91
minimon_spi_write_8bit_L        = $DE31 ; addr, local, , minimon, , ../Z80proto_spi.asm:97
minimon_spi_write_8bit_H        = $DE2D ; addr, local, , minimon, , ../Z80proto_spi.asm:94
minimon_spi_write_8bit_3        = $DE33 ; addr, local, , minimon, , ../Z80proto_spi.asm:100
minimon_spi_write_8bit_end      = $DE41 ; addr, local, , minimon, , ../Z80proto_spi.asm:115
minimon_spi_read_16bit          = $DE45 ; addr, local, , minimon, , ../Z80proto_spi.asm:122
minimon_spi_write_16bit         = $DE45 ; addr, local, , minimon, , ../Z80proto_spi.asm:123
minimon_SEG_TITLE_LOADER        = $DE4C ; addr, local, , minimon, , minimon.asm:887
BUF_CON                         = $F980 ; const, local, , command_j, , ../memmap.def:13
_BUF_SIO128_0                   = $F9C0 ; const, local, , command_j, , ../memmap.def:16
_BUF_SIO128_1                   = $FA40 ; const, local, , command_j, , ../memmap.def:20
_SysTick                        = $FB06 ; const, local, , command_j, , ../memmap.def:29
_SysTick2                       = $FB08 ; const, local, , command_j, , ../memmap.def:31
_SlowTick                       = $FB0A ; const, local, , command_j, , ../memmap.def:33
_DEBUG_PIOA_DATA                = $FB18 ; const, local, , command_j, , ../memmap.def:47
_BUF_GETCHAR_SIO0               = $FB3A ; const, local, , command_j, , ../memmap.def:63
_XYW                            = $FC20 ; const, local, , command_j, , ../memmap.def:78
jump_cons_ret                   = $DEB2 ; addr, local, , command_j, , command_j.asm:19
CR                              = $000D ; const, local, , command_d, , ../z80sioctc.def:20
LF                              = $000A ; const, local, , command_d, , ../z80sioctc.def:21
NONE                            = $0000 ; const, local, , command_d, , ../z80sioctc.def:34
BUF_CON                         = $F980 ; const, local, , command_d, , ../memmap.def:13
_BUF_SIO128_0                   = $F9C0 ; const, local, , command_d, , ../memmap.def:16
BUF_SIO0TX                      = $F9C0 ; const, local, , command_d, , ../memmap.def:17
_BUF_SIO128_1                   = $FA40 ; const, local, , command_d, , ../memmap.def:20
_SysTick                        = $FB06 ; const, local, , command_d, , ../memmap.def:29
_SysTick2                       = $FB08 ; const, local, , command_d, , ../memmap.def:31
_SlowTick                       = $FB0A ; const, local, , command_d, , ../memmap.def:33
_DEBUG_PIOA_DATA                = $FB18 ; const, local, , command_d, , ../memmap.def:47
_BUF_GETCHAR_SIO0               = $FB3A ; const, local, , command_d, , ../memmap.def:63
_XYW                            = $FC20 ; const, local, , command_d, , ../memmap.def:78
dump_cons_loop                  = $DEC2 ; addr, local, , command_d, , command_d.asm:22
dump_cons3                      = $DEE1 ; addr, local, , command_d, , command_d.asm:42
dump_cons3_2                    = $DEE5 ; addr, local, , command_d, , command_d.asm:47
dump_cons3_3                    = $DEEB ; addr, local, , command_d, , command_d.asm:51
dump_cons3_4                    = $DF11 ; addr, local, , command_d, , command_d.asm:73
dump_cons3_5                    = $DF16 ; addr, local, , command_d, , command_d.asm:76
BUF_CON                         = $F980 ; const, local, , command_m, , ../memmap.def:13
_BUF_SIO128_0                   = $F9C0 ; const, local, , command_m, , ../memmap.def:16
_BUF_SIO128_1                   = $FA40 ; const, local, , command_m, , ../memmap.def:20
_SysTick                        = $FB06 ; const, local, , command_m, , ../memmap.def:29
_SysTick2                       = $FB08 ; const, local, , command_m, , ../memmap.def:31
_SlowTick                       = $FB0A ; const, local, , command_m, , ../memmap.def:33
_DEBUG_PIOA_DATA                = $FB18 ; const, local, , command_m, , ../memmap.def:47
_BUF_GETCHAR_SIO0               = $FB3A ; const, local, , command_m, , ../memmap.def:63
_XYW                            = $FC20 ; const, local, , command_m, , ../memmap.def:78
BUF_CON                         = $F980 ; const, local, , command_i, , ../memmap.def:13
_BUF_SIO128_0                   = $F9C0 ; const, local, , command_i, , ../memmap.def:16
_BUF_SIO128_1                   = $FA40 ; const, local, , command_i, , ../memmap.def:20
_SysTick                        = $FB06 ; const, local, , command_i, , ../memmap.def:29
_SysTick2                       = $FB08 ; const, local, , command_i, , ../memmap.def:31
_SlowTick                       = $FB0A ; const, local, , command_i, , ../memmap.def:33
_DEBUG_PIOA_DATA                = $FB18 ; const, local, , command_i, , ../memmap.def:47
_BUF_GETCHAR_SIO0               = $FB3A ; const, local, , command_i, , ../memmap.def:63
_XYW                            = $FC20 ; const, local, , command_i, , ../memmap.def:78
ihex_load_end                   = $DF85 ; addr, local, , command_i, , command_i.asm:84
ihex_load_2                     = $DF63 ; addr, local, , command_i, , command_i.asm:45
ihex_load_3                     = $DF76 ; addr, local, , command_i, , command_i.asm:61
ihex_load_err                   = $DF7F ; addr, local, , command_i, , command_i.asm:80
NONE                            = $0000 ; const, local, , command_b, , ../z80sioctc.def:34
BUF_CON                         = $F980 ; const, local, , command_b, , ../memmap.def:13
_BUF_SIO128_0                   = $F9C0 ; const, local, , command_b, , ../memmap.def:16
_BUF_SIO128_1                   = $FA40 ; const, local, , command_b, , ../memmap.def:20
_SysTick                        = $FB06 ; const, local, , command_b, , ../memmap.def:29
_SysTick2                       = $FB08 ; const, local, , command_b, , ../memmap.def:31
_SlowTick                       = $FB0A ; const, local, , command_b, , ../memmap.def:33
_DEBUG_PIOA_DATA                = $FB18 ; const, local, , command_b, , ../memmap.def:47
_BUF_GETCHAR_SIO0               = $FB3A ; const, local, , command_b, , ../memmap.def:63
BUF_BREAKPOINT_ADDR             = $FBEC ; const, local, , command_b, , ../memmap.def:70
BUF_BREAKPOINT_OPCODE           = $FBEE ; const, local, , command_b, , ../memmap.def:71
_XYW                            = $FC20 ; const, local, , command_b, , ../memmap.def:78
RST30H                          = $00F7 ; const, local, , command_b, , command_b.asm:12
breakpoint_set                  = $DFA4 ; addr, local, , command_b, , command_b.asm:30
breakpoint_reset                = $DFBC ; addr, local, , command_b, , command_b.asm:39
CR                              = $000D ; const, local, , command_p, , ../z80sioctc.def:20
LF                              = $000A ; const, local, , command_p, , ../z80sioctc.def:21
NONE                            = $0000 ; const, local, , command_p, , ../z80sioctc.def:34
BUF_CON                         = $F980 ; const, local, , command_p, , ../memmap.def:13
_BUF_SIO128_0                   = $F9C0 ; const, local, , command_p, , ../memmap.def:16
_BUF_SIO128_1                   = $FA40 ; const, local, , command_p, , ../memmap.def:20
_SysTick                        = $FB06 ; const, local, , command_p, , ../memmap.def:29
_SysTick2                       = $FB08 ; const, local, , command_p, , ../memmap.def:31
_SlowTick                       = $FB0A ; const, local, , command_p, , ../memmap.def:33
_DEBUG_PIOA_DATA                = $FB18 ; const, local, , command_p, , ../memmap.def:47
_BUF_GETCHAR_SIO0               = $FB3A ; const, local, , command_p, , ../memmap.def:63
_XYW                            = $FC20 ; const, local, , command_p, , ../memmap.def:78
in_port_cons                    = $DFE5 ; addr, local, , command_p, , command_p.asm:29
out_port_cons                   = $DFFD ; addr, local, , command_p, , command_p.asm:45
FD_CONTROL                      = $0030 ; const, local, , command_f, , ../z80dma_fdc.def:6
FDC_CMD                         = $0034 ; const, local, , command_f, , ../z80dma_fdc.def:7
DMA_CMD                         = $0038 ; const, local, , command_f, , ../z80dma_fdc.def:11
CR                              = $000D ; const, local, , command_f, , ../z80sioctc.def:20
LF                              = $000A ; const, local, , command_f, , ../z80sioctc.def:21
NONE                            = $0000 ; const, local, , command_f, , ../z80sioctc.def:34
BUF_CON                         = $F980 ; const, local, , command_f, , ../memmap.def:13
_BUF_SIO128_0                   = $F9C0 ; const, local, , command_f, , ../memmap.def:16
_BUF_SIO128_1                   = $FA40 ; const, local, , command_f, , ../memmap.def:20
_SysTick                        = $FB06 ; const, local, , command_f, , ../memmap.def:29
_SysTick2                       = $FB08 ; const, local, , command_f, , ../memmap.def:31
_SlowTick                       = $FB0A ; const, local, , command_f, , ../memmap.def:33
_DEBUG_PIOA_DATA                = $FB18 ; const, local, , command_f, , ../memmap.def:47
_BUF_GETCHAR_SIO0               = $FB3A ; const, local, , command_f, , ../memmap.def:63
FDC_COMMAND_DATA                = $FB3C ; const, local, , command_f, , ../memmap.def:67
FDC_COMMAND_CMD                 = $FB3D ; const, local, , command_f, , ../memmap.def:68
_XYW                            = $FC20 ; const, local, , command_f, , ../memmap.def:78
fdc_cmd_wctrl                   = $E037 ; addr, local, , command_f, , command_f.asm:48
fdc_cmd_rctrl                   = $E03C ; addr, local, , command_f, , command_f.asm:53
fd_command_exit                 = $E04B ; addr, local, , command_f, , command_f.asm:61
fd_cmd_fdc                      = $E034 ; addr, local, , command_f, , command_f.asm:45
fd_init                         = $E051 ; addr, local, , command_f, , command_f.asm:68
fd_command_exit_2               = $E04C ; addr, local, , command_f, , command_f.asm:63
fd_init_2                       = $E069 ; addr, local, , command_f, , command_f.asm:84
fd_wait_busy                    = $E08A ; addr, local, , command_f, , command_f.asm:114
fd_init_2_1                     = $E083 ; addr, local, , command_f, , command_f.asm:107
fd_init_2_2                     = $E089 ; addr, local, , command_f, , command_f.asm:111
fd_wait_busy2                   = $E091 ; addr, local, , command_f, , command_f.asm:121
dma_init                        = $E0A7 ; addr, local, , command_f, , command_f.asm:135
dma_init_2                      = $E0AB ; addr, local, , command_f, , command_f.asm:138
BUF_CON                         = $F980 ; const, local, , command_t, , ../memmap.def:13
_BUF_SIO128_0                   = $F9C0 ; const, local, , command_t, , ../memmap.def:16
_BUF_SIO128_1                   = $FA40 ; const, local, , command_t, , ../memmap.def:20
_SysTick                        = $FB06 ; const, local, , command_t, , ../memmap.def:29
_SysTick2                       = $FB08 ; const, local, , command_t, , ../memmap.def:31
_SlowTick                       = $FB0A ; const, local, , command_t, , ../memmap.def:33
_DEBUG_PIOA_DATA                = $FB18 ; const, local, , command_t, , ../memmap.def:47
_BUF_GETCHAR_SIO0               = $FB3A ; const, local, , command_t, , ../memmap.def:63
_XYW                            = $FC20 ; const, local, , command_t, , ../memmap.def:78
_XYW_DestAddr                   = $FC20 ; const, local, , command_t, , ../memmap.def:79
PPI0PC                          = $0032 ; const, local, , command_t, , command_t.asm:15
PPI0CTL                         = $0033 ; const, local, , command_t, , command_t.asm:16
_tm_ZeroFill_buf_2              = $E0DC ; addr, local, , command_t, , command_t.asm:72
numbers                         = $E0FB ; addr, local, , command_t, , command_t.asm:100
BUF_CON                         = $F980 ; const, local, , command_x, , ../memmap.def:13
_BUF_SIO256                     = $F9C0 ; const, local, , command_x, , ../memmap.def:18
SysTick                         = $FB06 ; const, local, , command_x, , ../memmap.def:30
_SysTick2                       = $FB08 ; const, local, , command_x, , ../memmap.def:31
SysTick2                        = $FB08 ; const, local, , command_x, , ../memmap.def:32
_DEBUG_PIOA_DATA                = $FB18 ; const, local, , command_x, , ../memmap.def:47
BUF_GETCHAR_SIO0                = $FB3A ; const, local, , command_x, , ../memmap.def:64
_XYW_DestAddr                   = $FC20 ; const, local, , command_x, , ../memmap.def:79
xymodem_main                    = $E141 ; addr, local, , command_x, , command_x.asm:65
SOH                             = $0001 ; const, local, , command_x, , command_x.asm:67
STX                             = $0002 ; const, local, , command_x, , command_x.asm:68
EOT                             = $0004 ; const, local, , command_x, , command_x.asm:69
ACK                             = $0006 ; const, local, , command_x, , command_x.asm:70
NAK                             = $0015 ; const, local, , command_x, , command_x.asm:71
false                           = $0000 ; const, local, , command_x, , command_x.asm:79
true                            = $0001 ; const, local, , command_x, , command_x.asm:80
xymodem_main_2                  = $E14B ; addr, local, , command_x, , command_x.asm:88
xymodem_getchar_SIO             = $E1E6 ; addr, local, , command_x, , command_x.asm:195
xymodem_main_SOH                = $E161 ; addr, local, , command_x, , command_x.asm:101
xymodem_main_nak                = $E1E0 ; addr, local, , command_x, , command_x.asm:190
xymodem_main_SOH_2              = $E16D ; addr, local, , command_x, , command_x.asm:109
xymodem_main_flush_nak          = $E1C6 ; addr, local, , command_x, , command_x.asm:176
xymodem_main_eot                = $E1C0 ; addr, local, , command_x, , command_x.asm:169
xymodem_main_SOH_3              = $E172 ; addr, local, , command_x, , command_x.asm:113
xymodem_main_SEQ                = $E182 ; addr, local, , command_x, , command_x.asm:125
xymodem_main_FRAME              = $E188 ; addr, local, , command_x, , command_x.asm:129
xymodem_main_FRAME_TOUT         = $E1BA ; addr, local, , command_x, , command_x.asm:163
xymodem_main_FRAME_Check        = $E19E ; addr, local, , command_x, , command_x.asm:144
xymodem_main_FRAME_end          = $E1AD ; addr, local, , command_x, , command_x.asm:154
xymodem_main_flush_nak_2        = $E1CC ; addr, local, , command_x, , command_x.asm:179
xymodem_getchar_SIO_2           = $E1EC ; addr, local, , command_x, , command_x.asm:199
i_2                             = $E230 ; addr, local, , testmode_c, code_compiler, testmode.c::tm_Wait::0::1:72
i_3                             = $E24A ; addr, local, , testmode_c, code_compiler, testmode.c::tm_Wait::0::1:72
i_1                             = $EA07 ; addr, local, , testmode_c, rodata_compiler, testmode.c::tm_SEQ_WR::0::37:362
i_7                             = $E273 ; addr, local, , testmode_c, code_compiler, testmode.c::tm_DebugDump::0::3:81
i_5                             = $E26E ; addr, local, , testmode_c, code_compiler, testmode.c::tm_DebugDump::0::3:81
i_6                             = $E318 ; addr, local, , testmode_c, code_compiler, testmode.c::tm_DebugDump::0::3:81
i_10                            = $E28B ; addr, local, , testmode_c, code_compiler, testmode.c::tm_DebugDump::0::3:81
i_8                             = $E288 ; addr, local, , testmode_c, code_compiler, testmode.c::tm_DebugDump::0::3:81
i_9                             = $E2FA ; addr, local, , testmode_c, code_compiler, testmode.c::tm_DebugDump::0::3:81
i_12                            = $E2E5 ; addr, local, , testmode_c, code_compiler, testmode.c::tm_DebugDump::0::3:81
i_11                            = $E288 ; addr, local, , testmode_c, code_compiler, testmode.c::tm_SEQ_WR::0::37:362
i_16                            = $E357 ; addr, local, , testmode_c, code_compiler, testmode.c::testmode_main::0::7:107
i_17                            = $E44C ; addr, local, , testmode_c, code_compiler, testmode.c::testmode_main::0::7:107
i_19                            = $E412 ; addr, local, , testmode_c, code_compiler, testmode.c::tm_SEQ_WR::0::37:362
i_20_i_19                       = $E3F4 ; addr, local, , testmode_c, code_compiler, testmode.c::testmode_main::0::7:107
i_21                            = $E42A ; addr, local, , testmode_c, code_compiler, testmode.c::testmode_main::0::7:107
i_18                            = $E412 ; addr, local, , testmode_c, code_compiler, testmode.c::testmode_main::0::7:107
i_22                            = $E580 ; addr, local, , testmode_c, code_compiler, testmode.c::testmode_main::0::7:107
i_23                            = $E4A8 ; addr, local, , testmode_c, code_compiler, testmode.c::testmode_main::0::7:107
i_25                            = $E516 ; addr, local, , testmode_c, code_compiler, testmode.c::testmode_main::0::7:107
i_26                            = $E4BB ; addr, local, , testmode_c, code_compiler, testmode.c::testmode_main::0::7:107
i_27                            = $E4DD ; addr, local, , testmode_c, code_compiler, testmode.c::testmode_main::0::7:107
i_29                            = $E580 ; addr, local, , testmode_c, code_compiler, testmode.c::tm_SEQ_WR::0::37:362
i_30                            = $E521 ; addr, local, , testmode_c, code_compiler, testmode.c::testmode_main::0::7:107
i_31                            = $E543 ; addr, local, , testmode_c, code_compiler, testmode.c::testmode_main::0::7:107
i_14                            = $E357 ; addr, local, , testmode_c, code_compiler, testmode.c::tm_SEQ_WR::0::37:362
i_15                            = $E58B ; addr, local, , testmode_c, code_compiler, testmode.c::testmode_main::0::7:107
PPI0PA                          = $0030 ; const, local, , testmode_c, code_compiler, testmode.c::tm_GetStat_RXF::0::17:227
PPI0PC                          = $0032 ; const, local, , testmode_c, code_compiler, testmode.c::tm_GetStat_RXF::0::17:227
PC_RXF                          = $0006 ; const, local, , testmode_c, code_compiler, testmode.c::tm_GetStat_RXF::0::17:227
_tm_asm_01                      = $E59A ; addr, local, , testmode_c, code_compiler, testmode.c::tm_GetStat_RXF::0::17:227
_tm_asm_02                      = $E59C ; addr, local, , testmode_c, code_compiler, testmode.c::tm_GetStat_RXF::0::17:227
PC_TXE                          = $0007 ; const, local, , testmode_c, code_compiler, testmode.c::tm_GetStat_TXE::0::18:246
_tm_asm_03                      = $E5A9 ; addr, local, , testmode_c, code_compiler, testmode.c::tm_GetStat_TXE::0::18:246
_tm_asm_04                      = $E5AB ; addr, local, , testmode_c, code_compiler, testmode.c::tm_GetStat_TXE::0::18:246
i_33                            = $E5B3 ; addr, local, , testmode_c, code_compiler, testmode.c::tm_Flush_FIFO::0::19:263
i_35                            = $E5C9 ; addr, local, , testmode_c, code_compiler, testmode.c::tm_SEQ_WR::0::37:362
i_34                            = $E5C9 ; addr, local, , testmode_c, code_compiler, testmode.c::tm_Flush_FIFO::0::19:263
i_37                            = $E5CF ; addr, local, , testmode_c, code_compiler, testmode.c::tm_ReadIn_FIFO::0::23:284
i_39                            = $E626 ; addr, local, , testmode_c, code_compiler, testmode.c::tm_SEQ_WR::0::37:362
i_40                            = $E5F3 ; addr, local, , testmode_c, code_compiler, testmode.c::tm_ReadIn_FIFO::0::23:284
i_41                            = $E605 ; addr, local, , testmode_c, code_compiler, testmode.c::tm_ReadIn_FIFO::0::23:284
i_42                            = $E5CF ; addr, local, , testmode_c, code_compiler, testmode.c::tm_SEQ_WR::0::37:362
i_38                            = $E626 ; addr, local, , testmode_c, code_compiler, testmode.c::tm_ReadIn_FIFO::0::23:284
i_44                            = $E62C ; addr, local, , testmode_c, code_compiler, testmode.c::tm_Write_FIFO::0::30:316
i_46                            = $E667 ; addr, local, , testmode_c, code_compiler, testmode.c::tm_SEQ_WR::0::37:362
i_45                            = $E667 ; addr, local, , testmode_c, code_compiler, testmode.c::tm_Write_FIFO::0::30:316
i_24                            = $E580 ; addr, local, , testmode_c, code_compiler, testmode.c::tm_SEQ_WR::0::37:362
i_4                             = $E230 ; addr, local, , testmode_c, code_compiler, testmode.c::tm_SEQ_WR::0::37:362
i_28                            = $E4BB ; addr, local, , testmode_c, code_compiler, testmode.c::tm_SEQ_WR::0::37:362
i_32                            = $E521 ; addr, local, , testmode_c, code_compiler, testmode.c::tm_SEQ_WR::0::37:362
i_36                            = $E5B3 ; addr, local, , testmode_c, code_compiler, testmode.c::tm_SEQ_WR::0::37:362
i_43                            = $E5CF ; addr, local, , testmode_c, code_compiler, testmode.c::tm_SEQ_WR::0::37:362
i_48                            = $E62C ; addr, local, , testmode_c, code_compiler, testmode.c::tm_SEQ_WR::0::37:362
i_47                            = $E62C ; addr, local, , testmode_c, code_compiler, testmode.c::tm_SEQ_WR::0::37:362
__lcd_wait_usec                 = $E92E ; addr, local, , lcdlib_c, code_compiler, lcdlib.c::_lcd_wait_usec::0::23:254
__lcd_write_no_busy_check       = $E97B ; addr, local, , lcdlib_c, code_compiler, lcdlib.c::_lcd_write_no_busy_check::0::25:276
i_3                             = $E6F5 ; addr, local, , lcdlib_c, code_compiler, lcdlib.c::_lcd_init_hw_specific::0::27:322
i_4_i_3                         = $E6ED ; addr, local, , lcdlib_c, code_compiler, lcdlib.c::LCD_Write::0::0:100
i_2                             = $E6F5 ; addr, local, , lcdlib_c, code_compiler, lcdlib.c::LCD_Write::0::0:100
__lcd_init_hw_specific          = $EA03 ; addr, local, , lcdlib_c, code_compiler, lcdlib.c::_lcd_init_hw_specific::0::27:322
i_5                             = $E798 ; addr, local, , lcdlib_c, code_compiler, lcdlib.c::LCD_Puts::0::3:158
i_6                             = $E7DD ; addr, local, , lcdlib_c, code_compiler, lcdlib.c::LCD_Puts::0::3:158
i_7                             = $E7DD ; addr, local, , lcdlib_c, code_compiler, lcdlib.c::_lcd_init_hw_specific::0::27:322
i_9                             = $E7F7 ; addr, local, , lcdlib_c, code_compiler, lcdlib.c::_lcd_init_hw_specific::0::27:322
i_10                            = $E7F7 ; addr, local, , lcdlib_c, code_compiler, lcdlib.c::LCD_PutHex::0::7:175
i_11                            = $E871 ; addr, local, , lcdlib_c, code_compiler, lcdlib.c::LCD_PutHex::0::7:175
i_12                            = $E850 ; addr, local, , lcdlib_c, code_compiler, lcdlib.c::LCD_PutHex::0::7:175
i_13                            = $E85B ; addr, local, , lcdlib_c, code_compiler, lcdlib.c::LCD_PutHex::0::7:175
i_14                            = $E873 ; addr, local, , lcdlib_c, code_compiler, lcdlib.c::LCD_wait_msec::0::9:189
i_15                            = $E887 ; addr, local, , lcdlib_c, code_compiler, lcdlib.c::LCD_wait_msec::0::9:189
i_16                            = $E8B2 ; addr, local, , lcdlib_c, code_compiler, lcdlib.c::LCD_ShiftDisp::0::11:197
i_17                            = $E895 ; addr, local, , lcdlib_c, code_compiler, lcdlib.c::LCD_ShiftDisp::0::11:197
i_18                            = $E8D8 ; addr, local, , lcdlib_c, code_compiler, lcdlib.c::_lcd_init_hw_specific::0::27:322
i_20                            = $E8D8 ; addr, local, , lcdlib_c, code_compiler, lcdlib.c::_lcd_init_hw_specific::0::27:322
i_21                            = $E8BB ; addr, local, , lcdlib_c, code_compiler, lcdlib.c::LCD_ShiftDisp::0::11:197
i_22                            = $E8D8 ; addr, local, , lcdlib_c, code_compiler, lcdlib.c::_lcd_init_hw_specific::0::27:322
i_19                            = $E8D8 ; addr, local, , lcdlib_c, code_compiler, lcdlib.c::LCD_ShiftDisp::0::11:197
i_23                            = $E903 ; addr, local, , lcdlib_c, code_compiler, lcdlib.c::LCD_ShiftCursor::0::16:212
i_24                            = $E8E6 ; addr, local, , lcdlib_c, code_compiler, lcdlib.c::LCD_ShiftCursor::0::16:212
i_25                            = $E929 ; addr, local, , lcdlib_c, code_compiler, lcdlib.c::_lcd_init_hw_specific::0::27:322
i_27                            = $E929 ; addr, local, , lcdlib_c, code_compiler, lcdlib.c::_lcd_init_hw_specific::0::27:322
i_28                            = $E90C ; addr, local, , lcdlib_c, code_compiler, lcdlib.c::LCD_ShiftCursor::0::16:212
i_29                            = $E929 ; addr, local, , lcdlib_c, code_compiler, lcdlib.c::_lcd_init_hw_specific::0::27:322
i_26                            = $E929 ; addr, local, , lcdlib_c, code_compiler, lcdlib.c::LCD_ShiftCursor::0::16:212
__lcd_wait_100ns                = $E92A ; addr, local, , lcdlib_c, code_compiler, lcdlib.c::_lcd_wait_100ns::0::21:237
__lcd_wait_300ns                = $E92C ; addr, local, , lcdlib_c, code_compiler, lcdlib.c::_lcd_wait_300ns::0::22:246
i_30                            = $E954 ; addr, local, , lcdlib_c, code_compiler, lcdlib.c::_lcd_wait_usec::0::23:254
i_31                            = $E978 ; addr, local, , lcdlib_c, code_compiler, lcdlib.c::_lcd_wait_usec::0::23:254
i_32                            = $E99B ; addr, local, , lcdlib_c, code_compiler, lcdlib.c::_lcd_write_no_busy_check::0::25:276
i_8                             = $E798 ; addr, local, , lcdlib_c, code_compiler, lcdlib.c::_lcd_init_hw_specific::0::27:322
no_space                        = $EB69 ; addr, local, , sprintf_outc, code_clib, sprintf_outc.asm:86
just_terminate                  = $EB61 ; addr, local, , sprintf_outc, code_clib, sprintf_outc.asm:78
cont                            = $EBB1 ; addr, local, , asm_printf, code_clib, asm_printf.asm:193
handle_percent                  = $EBBA ; addr, local, , asm_printf, code_clib, asm_printf.asm:200
print_format_character          = $EBB5 ; addr, local, , asm_printf, code_clib, asm_printf.asm:196
get_next_char                   = $EBDF ; addr, local, , asm_printf, code_clib, asm_printf.asm:236
check_long_qualifier            = $EBD7 ; addr, local, , asm_printf, code_clib, asm_printf.asm:228
no_long_qualifier               = $EBE1 ; addr, local, , asm_printf, code_clib, asm_printf.asm:243
no_format_found                 = $EBF9 ; addr, local, , asm_printf, code_clib, asm_printf.asm:266
no_format_match                 = $EBF4 ; addr, local, , asm_printf, code_clib, asm_printf.asm:261
no_inc                          = $EC0A ; addr, local, , __printf_doprint, code_clib, __printf_doprint.asm:22
doprint_return                  = $EC20 ; addr, local, , __printf_doprint, code_clib, __printf_doprint.asm:43
flags_again                     = $EC28 ; addr, local, , __printf_get_flags_impl, code_clib, __printf_get_flags_impl.asm:15
flags                           = $EC3A ; addr, local, , __printf_get_flags_impl, code_clib, __printf_get_flags_impl.asm:31
flag_loop                       = $EC2E ; addr, local, , __printf_get_flags_impl, code_clib, __printf_get_flags_impl.asm:19
no_flag                         = $EC44 ; addr, local, , __printf_get_flags_impl, code_clib, __printf_get_flags_impl.asm:37
check_width                     = $EC4B ; addr, local, , __printf_get_flags_impl, code_clib, __printf_get_flags_impl.asm:51
check_width_from_format         = $EC5F ; addr, local, , __printf_get_flags_impl, code_clib, __printf_get_flags_impl.asm:73
starred_width                   = $EC57 ; addr, local, , __printf_get_flags_impl, code_clib, __printf_get_flags_impl.asm:63
save_width                      = $EC6D ; addr, local, , __printf_get_flags_impl, code_clib, __printf_get_flags_impl.asm:85
check_precision                 = $EC76 ; addr, local, , __printf_get_flags_impl, code_clib, __printf_get_flags_impl.asm:95
no_precision                    = $EC9E ; addr, local, , __printf_get_flags_impl, code_clib, __printf_get_flags_impl.asm:135
check_precision_from_format     = $EC90 ; addr, local, , __printf_get_flags_impl, code_clib, __printf_get_flags_impl.asm:119
save_precision                  = $EC95 ; addr, local, , __printf_get_flags_impl, code_clib, __printf_get_flags_impl.asm:125
printstr                        = $ECE7 ; addr, local, , __printf_handle_s, code_clib, __printf_handle_s.asm:20
nullstr                         = $EF4D ; addr, local, , __printf_handle_s, rodata_clib, __printf_handle_s.asm:44
use_strlen                      = $ECFA ; addr, local, , __printf_handle_s, code_clib, __printf_handle_s.asm:35
printstr_end                    = $ECFE ; addr, local, , __printf_handle_s, code_clib, __printf_handle_s.asm:38
handlelong                      = $0001 ; const, local, , __printf_number, code_clib, __printf_number.asm:20
printf_number16                 = $ED50 ; addr, local, , __printf_number, code_clib, __printf_number.asm:83
pickuplong_sccz80               = $ED40 ; addr, local, , __printf_number, code_clib, __printf_number.asm:62
printlong                       = $ED3C ; addr, local, , __printf_number, code_clib, __printf_number.asm:59
miniprintn                      = $ED5E ; addr, local, , __printf_number, code_clib, __printf_number.asm:95
noneg                           = $ED70 ; addr, local, , __printf_number, code_clib, __printf_number.asm:117
printsign                       = $ED6B ; addr, local, , __printf_number, code_clib, __printf_number.asm:112
miniprintn_start_process        = $EDA0 ; addr, local, , __printf_number, code_clib, __printf_number.asm:180
divloop                         = $EDA2 ; addr, local, , __printf_number, code_clib, __printf_number.asm:184
printloop                       = $EDBA ; addr, local, , __printf_number, code_clib, __printf_number.asm:236
printloop1                      = $EDC9 ; addr, local, , __printf_number, code_clib, __printf_number.asm:249
width_done                      = $EDE9 ; addr, local, , __printf_print_aligned, code_clib, __printf_print_aligned.asm:44
adjust_width                    = $EDE6 ; addr, local, , __printf_print_aligned, code_clib, __printf_print_aligned.asm:31
print_padding                   = $EE0C ; addr, local, , __printf_print_aligned, code_clib, __printf_print_aligned.asm:77
print_buffer                    = $EDF2 ; addr, local, , __printf_print_aligned, code_clib, __printf_print_aligned.asm:50
buffer_done                     = $EDFE ; addr, local, , __printf_print_aligned, code_clib, __printf_print_aligned.asm:61
print_buffer_end                = $EDFE ; addr, local, , __printf_print_aligned, code_clib, __printf_print_aligned.asm:64
print_padding_loop              = $EE00 ; addr, local, , __printf_print_aligned, code_clib, __printf_print_aligned.asm:66
change_ap_decrement             = $EE3F ; addr, local, , get_16bit_ap_parameter, code_clib, get_16bit_ap_parameter.asm:34
pickup_sccz80_llong             = $EE6B ; addr, local, , __printf_number64, code_clib, __printf_number64.asm:20
continue                        = $EE8D ; addr, local, , __printf_number64, code_clib, __printf_number64.asm:57
noneg                           = $EEA0 ; addr, local, , __printf_number64, code_clib, __printf_number64.asm:70
printsign                       = $EE9B ; addr, local, , __printf_number64, code_clib, __printf_number64.asm:66
number64_start_process          = $EED0 ; addr, local, , __printf_number64, code_clib, __printf_number64.asm:92
not_negative                    = $EF77 ; addr, local, , asm_atoi, code_stdlib, /home/yasuno/Developments/z88dk/libsrc/_DEVELOPMENT/stdlib/z80/asm_atoi.asm:45
overflow                        = $EF81 ; addr, local, , asm_atoi, code_stdlib, /home/yasuno/Developments/z88dk/libsrc/_DEVELOPMENT/stdlib/z80/asm_atoi.asm:62
compute_lp                      = $EF94 ; addr, local, , asm_ulltoa, code_stdlib, /home/yasuno/Developments/z88dk/libsrc/_DEVELOPMENT/stdlib/z80/asm_ulltoa.asm:73
write_lp                        = $EFA6 ; addr, local, , asm_ulltoa, code_stdlib, /home/yasuno/Developments/z88dk/libsrc/_DEVELOPMENT/stdlib/z80/asm_ulltoa.asm:98
__CLASSIC                       = $0001 ; const, local, , strlen, , obj/z80/x/home/yasuno/Developments/z88dk/libsrc/_DEVELOPMENT/string/c/sccz80/strlen.o:0
common                          = $F011 ; addr, local, , l_long_div_u, code_l_sccz80, ../_DEVELOPMENT/l/sccz80/5-z80/i32/l_long_div_u.asm:28
alpha                           = $F0BB ; addr, local, , l_num2char, code_l, ../_DEVELOPMENT/l/z80/ascii/l_num2char.asm:24
loop                            = $F0D0 ; addr, local, , l_small_atou, code_l, ../_DEVELOPMENT/l/z80/ascii/txt_to_num/small/l_small_atou.asm:26
overflow                        = $F0F0 ; addr, local, , l_small_atou, code_l, ../_DEVELOPMENT/l/z80/ascii/txt_to_num/small/l_small_atou.asm:63
__CLIB_OPT_IMATH_SELECT         = $0000 ; const, local, , l_lsr_dehl, code_l, ../config_private.inc:37
shift_loop                      = $F122 ; addr, local, , l_small_lsr_dehl, code_l, ../_DEVELOPMENT/l/z80/long/small/l_small_lsr_dehl.asm:29
again                           = $F130 ; addr, local, , l_load_64_dehldehl_mbc, code_l, ../_DEVELOPMENT/l/z80/longlong/l_load_64_dehldehl_mbc.asm:20
again                           = $F15F ; addr, local, , l_cpl_64_mhl, code_l, ../_DEVELOPMENT/l/z80/longlong/l_cpl_64_mhl.asm:19
__CLIB_OPT_IMATH                = $0000 ; const, local, , l_divu_32_32x32, , ../config_private.inc:27
__CLIB_OPT_IMATH                = $0000 ; const, local, , l_divu_64_64x8, , ../config_private.inc:27
divide_zero                     = $F1CE ; addr, local, , l_small_divu_32_32x32, code_math, ../_DEVELOPMENT/math/integer/small/l_small_divu_32_32x32.asm:121
loop_0                          = $F19D ; addr, local, , l_small_divu_32_32x32, code_math, ../_DEVELOPMENT/math/integer/small/l_small_divu_32_32x32.asm:70
loop_1                          = $F1B9 ; addr, local, , l_small_divu_32_32x32, code_math, ../_DEVELOPMENT/math/integer/small/l_small_divu_32_32x32.asm:95
divide_by_zero                  = $F1F2 ; addr, local, , l_small_divu_64_64x8, code_math, ../_DEVELOPMENT/math/integer/small/l_small_divu_64_64x8.asm:72
loop_11                         = $F1D9 ; addr, local, , l_small_divu_64_64x8, code_math, ../_DEVELOPMENT/math/integer/small/l_small_divu_64_64x8.asm:43
loop_02                         = $F1EC ; addr, local, , l_small_divu_64_64x8, code_math, ../_DEVELOPMENT/math/integer/small/l_small_divu_64_64x8.asm:60
loop_03                         = $F1EE ; addr, local, , l_small_divu_64_64x8, code_math, ../_DEVELOPMENT/math/integer/small/l_small_divu_64_64x8.asm:65
_DEBUG_PIOOUT_SETUP             = $DD47 ; addr, public, , minimon, , ../Z80proto_dbg.asm:77
_DEBUG_PIOOUT                   = $DD50 ; addr, public, , minimon, , ../Z80proto_dbg.asm:90
_DEBUG_PIOA_DATA                = $FB18 ; const, public, , minimon, , ../memmap.def:47
putchar_SIO0                    = $DB54 ; addr, public, , minimon, , ../z80sio_sub.asm:276
puts_SIO0                       = $DBD9 ; addr, public, , minimon, , ../z80sio_sub.asm:413
gets_SIO0                       = $DBE7 ; addr, public, , minimon, , ../z80sio_sub.asm:431
init_SIO_buffers                = $DC31 ; addr, public, , minimon, , ../z80sio_sub.asm:493
putAreg2chrs                    = $DC3F ; addr, public, , minimon, , ../z80sio_sub.asm:503
int_CTC                         = $DA43 ; addr, public, , minimon, , minimon.asm:505
int_SIO                         = $DA53 ; addr, public, , minimon, , minimon.asm:521
int_void                        = $DAA5 ; addr, public, , minimon, , minimon.asm:579
DEBUGBREAK                      = $DD08 ; addr, public, , minimon, , ../Z80proto_dbg.asm:39
Hexadecimal                     = $D850 ; addr, public, , minimon, , ../crt_z80_rsts.asm:82
loader_cons_oneliner            = $D8E8 ; addr, public, , minimon, , minimon.asm:181
de2buf_sio0tx                   = $D941 ; addr, public, , minimon, , minimon.asm:294
analyze_SIO0                    = $DAEE ; addr, public, , minimon, , ../z80sio_sub.asm:179
getchar_SIO0                    = $DB6E ; addr, public, , minimon, , ../z80sio_sub.asm:300
conf_CTC                        = $DAA9 ; addr, public, , minimon, , ../z80sio_sub.asm:15
conf_SIO                        = $DACF ; addr, public, , minimon, , ../z80sio_sub.asm:104
SIO0_WR5                        = $DAEB ; addr, public, , minimon, , ../z80sio_sub.asm:165
_putchar_SIO0                   = $DB50 ; addr, public, , minimon, , ../z80sio_sub.asm:270
_getchar_SIO0                   = $DB6E ; addr, public, , minimon, , ../z80sio_sub.asm:298
_puts_SIO0                      = $DBD0 ; addr, public, , minimon, , ../z80sio_sub.asm:404
putCRLF                         = $DC62 ; addr, public, , minimon, , ../z80sio_sub.asm:530
debug_rst08                     = $DCE5 ; addr, public, , minimon, , ../Z80proto_dbg.asm:12
debug_rst10                     = $DCEB ; addr, public, , minimon, , ../Z80proto_dbg.asm:17
debug_rst18                     = $DCF1 ; addr, public, , minimon, , ../Z80proto_dbg.asm:22
DEBUGSTOP                       = $DD3B ; addr, public, , minimon, , ../Z80proto_dbg.asm:61
sloop                           = $DD56 ; addr, public, , minimon, , ../Z80proto_misc.asm:9
loop                            = $DD5C ; addr, public, , minimon, , ../Z80proto_misc.asm:17
get_SEG_CHR                     = $DD6E ; addr, public, , minimon, , ../Z80proto_misc.asm:35
p_ix2bc                         = $DDA0 ; addr, public, , minimon, , ../ascii_misc.asm:7
nibble2a                        = $DDBA ; addr, public, , minimon, , ../ascii_misc.asm:25
a2nibble                        = $DDCD ; addr, public, , minimon, , ../ascii_misc.asm:41
asc2bin                         = $DDD8 ; addr, public, , minimon, , ../ascii_misc.asm:50
spi_dev_sel                     = $DDE4 ; addr, public, , minimon, , ../Z80proto_spi.asm:14
spi_dev_unsel                   = $DDF2 ; addr, public, , minimon, , ../Z80proto_spi.asm:29
spi_read_8bit                   = $DDF9 ; addr, public, , minimon, , ../Z80proto_spi.asm:35
spi_write_8bit                  = $DE20 ; addr, public, , minimon, , ../Z80proto_spi.asm:80
STR_error                       = $DE73 ; addr, public, , minimon, , minimon.asm:926
STR_FDCDMA                      = $DE7E ; addr, public, , minimon, , minimon.asm:933
jump_cons                       = $DE9F ; addr, public, , command_j, , command_j.asm:8
dump_cons                       = $DEB5 ; addr, public, , command_d, , command_d.asm:12
modify_cons                     = $DF27 ; addr, public, , command_m, , command_m.asm:8
ihex_load                       = $DF3A ; addr, public, , command_i, , command_i.asm:12
breakp_cons                     = $DF88 ; addr, public, , command_b, , command_b.asm:14
inout_port_cons                 = $DFC9 ; addr, public, , command_p, , command_p.asm:13
fdc_command_cons                = $E009 ; addr, public, , command_f, , command_f.asm:18
test_mode                       = $E0B0 ; addr, public, , command_t, , command_t.asm:18
_BUF_SIO256                     = $F9C0 ; const, public, , command_t, , ../memmap.def:18
_tm_SetRead                     = $E0CB ; addr, public, , command_t, , command_t.asm:50
_tm_SetWrite                    = $E0D0 ; addr, public, , command_t, , command_t.asm:59
_tm_ZeroFill_buf                = $E0D5 ; addr, public, , command_t, , command_t.asm:68
_tm_Transfer_Dest               = $E0E2 ; addr, public, , command_t, , command_t.asm:79
receive_xymodem                 = $E10B ; addr, public, , command_x, , command_x.asm:25
_Transfer_Dest_xymodem          = $E128 ; addr, public, , command_x, , command_x.asm:45
_SysTick                        = $FB06 ; const, public, , command_x, , ../memmap.def:29
_SlowTick                       = $FB0A ; const, public, , command_x, , ../memmap.def:33
_BUF_SIO128_0                   = $F9C0 ; const, public, , command_x, , ../memmap.def:16
_BUF_SIO128_1                   = $FA40 ; const, public, , command_x, , ../memmap.def:20
_XYW                            = $FC20 ; const, public, , command_x, , ../memmap.def:78
_BUF_GETCHAR_SIO0               = $FB3A ; const, public, , command_x, , ../memmap.def:63
_testmode_init                  = $E200 ; addr, public, , testmode_c, code_compiler, testmode.c::testmode_init::0::0:57
_testmode_main                  = $E331 ; addr, public, , testmode_c, code_compiler, testmode.c::testmode_main::0::7:107
_tm_GetStat_RXF                 = $E591 ; addr, public, , testmode_c, code_compiler, testmode.c::tm_GetStat_RXF::0::17:227
_tm_GetStat_TXE                 = $E5A0 ; addr, public, , testmode_c, code_compiler, testmode.c::tm_GetStat_TXE::0::18:246
_tm_Flush_FIFO                  = $E5AF ; addr, public, , testmode_c, code_compiler, testmode.c::tm_Flush_FIFO::0::19:263
_tm_ReadIn_FIFO                 = $E5CB ; addr, public, , testmode_c, code_compiler, testmode.c::tm_ReadIn_FIFO::0::23:284
_tm_Write_FIFO                  = $E628 ; addr, public, , testmode_c, code_compiler, testmode.c::tm_Write_FIFO::0::30:316
_F_RXF                          = $EAC3 ; addr, public, , testmode_c, bss_compiler, testmode.c::tm_SEQ_WR::0::37:362
_F_TXE                          = $EAC4 ; addr, public, , testmode_c, bss_compiler, testmode.c::tm_SEQ_WR::0::37:362
_ScratchPad                     = $EAC5 ; addr, public, , testmode_c, bss_compiler, testmode.c::tm_SEQ_WR::0::37:362
_CBuf                           = $EAC7 ; addr, public, , testmode_c, bss_compiler, testmode.c::tm_SEQ_WR::0::37:362
_tm_Wait                        = $E22C ; addr, public, , testmode_c, code_compiler, testmode.c::tm_Wait::0::1:72
_tm_DebugDump                   = $E24C ; addr, public, , testmode_c, code_compiler, testmode.c::tm_DebugDump::0::3:81
_tm_SEQ_RD                      = $E669 ; addr, public, , testmode_c, code_compiler, testmode.c::tm_SEQ_RD::0::34:338
_tm_SEQ_WR                      = $E67E ; addr, public, , testmode_c, code_compiler, testmode.c::tm_SEQ_WR::0::37:362
_LCD_Init                       = $E6F6 ; addr, public, , lcdlib_c, code_compiler, lcdlib.c::LCD_Init::0::1:132
_LCD_Write                      = $E696 ; addr, public, , lcdlib_c, code_compiler, lcdlib.c::LCD_Write::0::0:100
_LCD_PutChar                    = $E782 ; addr, public, , lcdlib_c, code_compiler, lcdlib.c::LCD_PutChar::0::2:153
_LCD_Puts                       = $E793 ; addr, public, , lcdlib_c, code_compiler, lcdlib.c::LCD_Puts::0::3:158
_LCD_PutHex                     = $E7DF ; addr, public, , lcdlib_c, code_compiler, lcdlib.c::LCD_PutHex::0::7:175
_LCD_wait_msec                  = $E873 ; addr, public, , lcdlib_c, code_compiler, lcdlib.c::LCD_wait_msec::0::9:189
_LCD_ShiftDisp                  = $E888 ; addr, public, , lcdlib_c, code_compiler, lcdlib.c::LCD_ShiftDisp::0::11:197
_LCD_ShiftCursor                = $E8D9 ; addr, public, , lcdlib_c, code_compiler, lcdlib.c::LCD_ShiftCursor::0::16:212
sprintf                         = $EB07 ; addr, public, , sprintf, code_clib, sprintf.asm:18
sprintf_outc                    = $EB3B ; addr, public, , sprintf_outc, code_clib, sprintf_outc.asm:46
asm_printf                      = $EB6C ; addr, public, , asm_printf, code_clib, asm_printf.asm:25
__printf_loop                   = $EB97 ; addr, public, , asm_printf, code_clib, asm_printf.asm:131
__printf_get_flags_noop         = $EBB0 ; addr, public, , asm_printf, code_clib, asm_printf.asm:190
__printf_format_search_loop     = $EBE6 ; addr, public, , asm_printf, code_clib, asm_printf.asm:248
__printf_doprint                = $EBFD ; addr, public, , __printf_doprint, code_clib, __printf_doprint.asm:11
__printf_format_table           = $EF2B ; addr, public, , __printf_format_table, rodata_clib, __printf_format_table.asm:25
__printf_get_flags              = $EC26 ; addr, public, , __printf_format_table, rodata_clib, __printf_format_table.asm:23
__printf_get_flags_impl         = $EC26 ; addr, public, , __printf_get_flags_impl, code_clib, __printf_get_flags_impl.asm:13
__printf_handle_X               = $EC9F ; addr, public, , __printf_handle_X, code_clib, __printf_handle_XX.asm:9
__printf_handle_c               = $ECB0 ; addr, public, , __printf_handle_c, code_clib, __printf_handle_c.asm:10
__printf_handle_d               = $ECBC ; addr, public, , __printf_handle_d, code_clib, __printf_handle_d.asm:6
__printf_handle_n               = $ECC1 ; addr, public, , __printf_handle_n, code_clib, __printf_handle_n.asm:10
__printf_handle_o               = $ECD2 ; addr, public, , __printf_handle_o, code_clib, __printf_handle_o.asm:7
__printf_handle_s               = $ECDB ; addr, public, , __printf_handle_s, code_clib, __printf_handle_s.asm:12
__printf_handle_u               = $ED03 ; addr, public, , __printf_handle_u, code_clib, __printf_handle_u.asm:6
__printf_handle_x               = $ED08 ; addr, public, , __printf_handle_x, code_clib, __printf_handle_x.asm:11
__printf_handle_p               = $ED08 ; addr, public, , __printf_handle_x, code_clib, __printf_handle_x.asm:12
__printf_handle_B               = $ED15 ; addr, public, , __printf_handle_B, code_clib, __printf_handle_B.asm:9
__printf_number                 = $ED22 ; addr, public, , __printf_number, code_clib, __printf_number.asm:27
__printf_print_aligned          = $EDCE ; addr, public, , __printf_print_aligned, code_clib, __printf_print_aligned.asm:13
__printf_print_the_buffer       = $EE18 ; addr, public, , __printf_print_the_buffer, code_clib, __printf_print_the_buffer.asm:12
__printf_get_buffer_address     = $EE2A ; addr, public, , __printf_get_buffer_address, code_clib, __printf_get_buffer_address.asm:12
get_16bit_ap_parameter          = $EE32 ; addr, public, , get_16bit_ap_parameter, code_clib, get_16bit_ap_parameter.asm:12
__printf_print_to_buf           = $EE43 ; addr, public, , __printf_print_to_buf, code_clib, __printf_print_to_buf.asm:11
__printf_handle_ll              = $EE55 ; addr, public, , __printf_handle_ll, code_clib, __printf_handle_ll.asm:11
__printf_format_table64         = $EF54 ; addr, public, , __printf_format_table64, rodata_clib, __printf_format_table64.asm:18
__printf_handle_llB             = $EE5E ; addr, public, , __printf_handle_llB, code_clib, __printf_handle_llB.asm:7
__printf_number64               = $EE7A ; addr, public, , __printf_number64, code_clib, __printf_number64.asm:35
__printf_handle_llX             = $EEFA ; addr, public, , __printf_handle_llX, code_clib, __printf_handle_llXX.asm:7
__printf_handle_lld             = $EF0B ; addr, public, , __printf_handle_lld, code_clib, __printf_handle_lld.asm:7
__printf_handle_llo             = $EF10 ; addr, public, , __printf_handle_llo, code_clib, __printf_handle_llo.asm:7
__printf_handle_llu             = $EF19 ; addr, public, , __printf_handle_llu, code_clib, __printf_handle_llu.asm:7
__printf_handle_llx             = $EF1E ; addr, public, , __printf_handle_llx, code_clib, __printf_handle_llx.asm:7
asm_atoi                        = $EF67 ; addr, public, , asm_atoi, code_stdlib, /home/yasuno/Developments/z88dk/libsrc/_DEVELOPMENT/stdlib/z80/asm_atoi.asm:20
asm0_atoi                       = $EF6A ; addr, public, , asm_atoi, code_stdlib, /home/yasuno/Developments/z88dk/libsrc/_DEVELOPMENT/stdlib/z80/asm_atoi.asm:32
asm_ulltoa                      = $EF85 ; addr, public, , asm_ulltoa, code_stdlib, /home/yasuno/Developments/z88dk/libsrc/_DEVELOPMENT/stdlib/z80/asm_ulltoa.asm:24
asm0_ulltoa                     = $EF8C ; addr, public, , asm_ulltoa, code_stdlib, /home/yasuno/Developments/z88dk/libsrc/_DEVELOPMENT/stdlib/z80/asm_ulltoa.asm:58
asm1_ulltoa                     = $EF92 ; addr, public, , asm_ulltoa, code_stdlib, /home/yasuno/Developments/z88dk/libsrc/_DEVELOPMENT/stdlib/z80/asm_ulltoa.asm:63
strlen                          = $EFAD ; addr, public, , strlen, code_string, /home/yasuno/Developments/z88dk/libsrc/_DEVELOPMENT/string/c/sccz80/strlen.asm:11
_strlen                         = $EFAD ; addr, public, , strlen, code_string, /home/yasuno/Developments/z88dk/libsrc/_DEVELOPMENT/string/c/sccz80/strlen.asm:30
asm_strlen                      = $EFAD ; addr, public, , asm_strlen, code_string, /home/yasuno/Developments/z88dk/libsrc/_DEVELOPMENT/string/z80/asm_strlen.asm:17
error_einval_zc                 = $EFBB ; addr, public, , error_einval_zc, code_error, ../_DEVELOPMENT/error/z80/error_einval_zc.asm:43
errno_zc                        = $EFBD ; addr, public, , errno_zc, code_error, ../_DEVELOPMENT/error/z80/errno_zc.asm:21
_errno                          = $F003 ; addr, public, , _errno, bss_error, ../_DEVELOPMENT/error/z80/_errno.asm:7
error_zc                        = $EFC9 ; addr, public, , error_zc, code_error, ../_DEVELOPMENT/error/z80/error_zc.asm:12
l_long_asr_u                    = $F005 ; addr, public, , l_long_asr_u, code_l_sccz80, ../_DEVELOPMENT/l/sccz80/5-z80/i32/l_long_asr_u.asm:21
l_long_div_u                    = $F010 ; addr, public, , l_long_div_u, code_l_sccz80, ../_DEVELOPMENT/l/sccz80/5-z80/i32/l_long_div_u.asm:26
l_long_mod_u                    = $F00D ; addr, public, , l_long_div_u, code_l_sccz80, ../_DEVELOPMENT/l/sccz80/5-z80/i32/l_long_div_u.asm:23
l_int2long_s                    = $F01E ; addr, public, , int2long_s, code_l_sccz80, ../_DEVELOPMENT/l/sccz80/5-z80/int2long_s.asm:10
l_gintspsp                      = $F026 ; addr, public, , l_gintspsp, code_l_sccz80, ../_DEVELOPMENT/l/sccz80/8-8080/l_gintspsp.asm:10
l_glong                         = $F033 ; addr, public, , l_glong, code_l_sccz80, ../_DEVELOPMENT/l/sccz80/8-8080/l_glong.asm:19
l_glonghlp                      = $F02F ; addr, public, , l_glong, code_l_sccz80, ../_DEVELOPMENT/l/sccz80/8-8080/l_glong.asm:13
l_glong2sp                      = $F041 ; addr, public, , l_glong2sp, code_l_sccz80, ../_DEVELOPMENT/l/sccz80/8-8080/l_glong2sp.asm:19
l_glong2sp_hlp                  = $F03D ; addr, public, , l_glong2sp, code_l_sccz80, ../_DEVELOPMENT/l/sccz80/8-8080/l_glong2sp.asm:12
l_declong                       = $F0FB ; addr, public, , l_declong, code_l_sccz80, ../_DEVELOPMENT/l/sccz80/9-common/i32/l_declong.asm:15
l_inclong                       = $F101 ; addr, public, , l_inclong, code_l_sccz80, ../_DEVELOPMENT/l/sccz80/9-common/i32/l_inclong.asm:15
l_long_neg                      = $F107 ; addr, public, , l_long_neg, code_l_sccz80, ../_DEVELOPMENT/l/sccz80/9-common/i32/l_long_neg.asm:12
l_gchar                         = $F04C ; addr, public, , l_gchar, code_l_sccz80, ../_DEVELOPMENT/l/sccz80/9-common/l_gchar.asm:12
l_gchar_sxt                     = $F04D ; addr, public, , l_gchar, code_l_sccz80, ../_DEVELOPMENT/l/sccz80/9-common/l_gchar.asm:18
l_ge                            = $F052 ; addr, public, , l_ge, code_l_sccz80, ../_DEVELOPMENT/l/sccz80/9-common/l_ge.asm:13
l_compare_result                = $F064 ; addr, public, , l_compare_result, code_l_sccz80, ../_DEVELOPMENT/l/sccz80/9-common/l_compare_result.asm:6
l_gint                          = $F06A ; addr, public, , l_gint, code_l_sccz80, ../_DEVELOPMENT/l/sccz80/9-common/l_gint.asm:10
l_gt                            = $F06F ; addr, public, , l_gt, code_l_sccz80, ../_DEVELOPMENT/l/sccz80/9-common/l_gt.asm:13
l_pint                          = $F082 ; addr, public, , l_pint, code_l_sccz80, ../_DEVELOPMENT/l/sccz80/9-common/l_pint.asm:14
l_pint_pop                      = $F07F ; addr, public, , l_pint_pop, code_l_sccz80, ../_DEVELOPMENT/l/sccz80/9-common/l_pint_pop.asm:12
l_pint_pop_pint                 = $F082 ; addr, public, , l_pint_pop, code_l_sccz80, ../_DEVELOPMENT/l/sccz80/9-common/l_pint_pop.asm:18
l_plong                         = $F088 ; addr, public, , l_plong, code_l_sccz80, ../_DEVELOPMENT/l/sccz80/9-common/l_plong.asm:10
l_uge                           = $F094 ; addr, public, , l_uge, code_l_sccz80, ../_DEVELOPMENT/l/sccz80/9-common/l_uge.asm:15
l_eat_sign                      = $F0A0 ; addr, public, , l_eat_sign, code_l, ../_DEVELOPMENT/l/z80/ascii/l_eat_sign.asm:7
l_eat_ws                        = $F0AC ; addr, public, , l_eat_ws, code_l, ../_DEVELOPMENT/l/z80/ascii/l_eat_ws.asm:9
asm_isspace                     = $F17B ; addr, public, , asm_isspace, code_ctype, /home/yasuno/Developments/z88dk/libsrc/_DEVELOPMENT/ctype/z80/asm_isspace.asm:7
l_num2char                      = $F0B4 ; addr, public, , l_num2char, code_l, ../_DEVELOPMENT/l/z80/ascii/l_num2char.asm:7
l_valid_base                    = $F0BE ; addr, public, , l_valid_base, code_l, ../_DEVELOPMENT/l/z80/ascii/l_valid_base.asm:7
l_atou                          = $F0CB ; addr, public, , l_atou, code_l, ../_DEVELOPMENT/l/z80/ascii/txt_to_num/l_atou.asm:31
l_small_atou                    = $F0CB ; addr, public, , l_small_atou, code_l, ../_DEVELOPMENT/l/z80/ascii/txt_to_num/small/l_small_atou.asm:7
l_neg_hl                        = $F0F3 ; addr, public, , l_neg_hl, code_l, ../_DEVELOPMENT/l/z80/integer/l_neg_hl.asm:15
l_dec_dehl                      = $F0FB ; addr, public, , l_dec_dehl, code_l, ../_DEVELOPMENT/l/z80/long/l_dec_dehl.asm:7
l_inc_dehl                      = $F101 ; addr, public, , l_inc_dehl, code_l, ../_DEVELOPMENT/l/z80/long/l_inc_dehl.asm:7
l_lsr_dehl                      = $F119 ; addr, public, , l_lsr_dehl, code_l, ../_DEVELOPMENT/l/z80/long/l_lsr_dehl.asm:28
l_neg_dehl                      = $F107 ; addr, public, , l_neg_dehl, code_l, ../_DEVELOPMENT/l/z80/long/l_neg_dehl.asm:7
l_small_lsr_dehl                = $F119 ; addr, public, , l_small_lsr_dehl, code_l, ../_DEVELOPMENT/l/z80/long/small/l_small_lsr_dehl.asm:9
error_lznc                      = $EFCF ; addr, public, , error_lznc, code_error, ../_DEVELOPMENT/error/z80/error_lznc.asm:11
error_znc                       = $EFD8 ; addr, public, , error_znc, code_error, ../_DEVELOPMENT/error/z80/error_znc.asm:11
l_load_64_dehldehl_mbc          = $F12D ; addr, public, , l_load_64_dehldehl_mbc, code_l, ../_DEVELOPMENT/l/z80/longlong/l_load_64_dehldehl_mbc.asm:7
l_neg_64_mhl                    = $F140 ; addr, public, , l_neg_64_mhl, code_l, ../_DEVELOPMENT/l/z80/longlong/l_neg_64_mhl.asm:9
l_cpl_64_mhl                    = $F15C ; addr, public, , l_cpl_64_mhl, code_l, ../_DEVELOPMENT/l/z80/longlong/l_cpl_64_mhl.asm:7
l_testzero_64_dehldehl          = $F170 ; addr, public, , l_testzero_64_dehldehl, code_l, ../_DEVELOPMENT/l/z80/longlong/l_testzero_64_dehldehl.asm:7
l_divu_32_32x32                 = $F186 ; addr, public, , l_divu_32_32x32, code_math, ../_DEVELOPMENT/math/integer/l_divu_32_32x32.asm:22
l0_divu_32_32x32                = $F18C ; addr, public, , l_divu_32_32x32, code_math, ../_DEVELOPMENT/math/integer/l_divu_32_32x32.asm:23
l_divu_64_64x8                  = $F1D2 ; addr, public, , l_divu_64_64x8, code_math, ../_DEVELOPMENT/math/integer/l_divu_64_64x8.asm:19
l0_divu_64_64x8                 = $F1D6 ; addr, public, , l_divu_64_64x8, code_math, ../_DEVELOPMENT/math/integer/l_divu_64_64x8.asm:20
l_small_divu_32_32x32           = $F186 ; addr, public, , l_small_divu_32_32x32, code_math, ../_DEVELOPMENT/math/integer/small/l_small_divu_32_32x32.asm:17
l0_small_divu_32_32x32          = $F18C ; addr, public, , l_small_divu_32_32x32, code_math, ../_DEVELOPMENT/math/integer/small/l_small_divu_32_32x32.asm:44
l1_small_divu_32_32x32          = $F19A ; addr, public, , l_small_divu_32_32x32, code_math, ../_DEVELOPMENT/math/integer/small/l_small_divu_32_32x32.asm:61
error_divide_by_zero_mc         = $EFE1 ; addr, public, , error_divide_by_zero_mc, code_error, ../_DEVELOPMENT/error/z80/error_divide_by_zero_mc.asm:12
error_edom_mc                   = $EFE1 ; addr, public, , error_edom_mc, code_error, ../_DEVELOPMENT/error/z80/error_edom_mc.asm:57
errno_mc                        = $EFE3 ; addr, public, , errno_mc, code_error, ../_DEVELOPMENT/error/z80/errno_mc.asm:21
error_mc                        = $EFEE ; addr, public, , error_mc, code_error, ../_DEVELOPMENT/error/z80/error_mc.asm:11
l_small_divu_64_64x8            = $F1D2 ; addr, public, , l_small_divu_64_64x8, code_math, ../_DEVELOPMENT/math/integer/small/l_small_divu_64_64x8.asm:12
l0_small_divu_64_64x8           = $F1D6 ; addr, public, , l_small_divu_64_64x8, code_math, ../_DEVELOPMENT/math/integer/small/l_small_divu_64_64x8.asm:38
error_llmc                      = $EFF4 ; addr, public, , error_llmc, code_error, ../_DEVELOPMENT/error/z80/error_llmc.asm:11
error_lmc                       = $EFFD ; addr, public, , error_lmc, code_error, ../_DEVELOPMENT/error/z80/error_lmc.asm:11
__head                          = $D800 ; const, public, def, , ,
__tail                          = $F1F8 ; const, public, def, , ,
__size                          = $19F8 ; const, public, def, , ,
__code_compiler_head            = $E200 ; const, public, def, , ,
__code_compiler_tail            = $EA07 ; const, public, def, , ,
__code_compiler_size            = $0807 ; const, public, def, , ,
__rodata_compiler_head          = $EA07 ; const, public, def, , ,
__rodata_compiler_tail          = $EAC3 ; const, public, def, , ,
__rodata_compiler_size          = $00BC ; const, public, def, , ,
__bss_compiler_head             = $EAC3 ; const, public, def, , ,
__bss_compiler_tail             = $EB07 ; const, public, def, , ,
__bss_compiler_size             = $0044 ; const, public, def, , ,
__code_clib_head                = $EB07 ; const, public, def, , ,
__code_clib_tail                = $EF2B ; const, public, def, , ,
__code_clib_size                = $0424 ; const, public, def, , ,
__rodata_clib_head              = $EF2B ; const, public, def, , ,
__rodata_clib_tail              = $EF67 ; const, public, def, , ,
__rodata_clib_size              = $003C ; const, public, def, , ,
__code_stdlib_head              = $EF67 ; const, public, def, , ,
__code_stdlib_tail              = $EFAD ; const, public, def, , ,
__code_stdlib_size              = $0046 ; const, public, def, , ,
__code_string_head              = $EFAD ; const, public, def, , ,
__code_string_tail              = $EFB8 ; const, public, def, , ,
__code_string_size              = $000B ; const, public, def, , ,
__code_error_head               = $EFB8 ; const, public, def, , ,
__code_error_tail               = $F003 ; const, public, def, , ,
__code_error_size               = $004B ; const, public, def, , ,
__bss_clib_head                 = $F003 ; const, public, def, , ,
__bss_clib_tail                 = $F003 ; const, public, def, , ,
__bss_clib_size                 = $0000 ; const, public, def, , ,
__bss_error_head                = $F003 ; const, public, def, , ,
__bss_error_tail                = $F005 ; const, public, def, , ,
__bss_error_size                = $0002 ; const, public, def, , ,
__code_l_sccz80_head            = $F005 ; const, public, def, , ,
__code_l_sccz80_tail            = $F0A0 ; const, public, def, , ,
__code_l_sccz80_size            = $009B ; const, public, def, , ,
__code_l_head                   = $F0A0 ; const, public, def, , ,
__code_l_tail                   = $F17B ; const, public, def, , ,
__code_l_size                   = $00DB ; const, public, def, , ,
__code_ctype_head               = $F17B ; const, public, def, , ,
__code_ctype_tail               = $F185 ; const, public, def, , ,
__code_ctype_size               = $000A ; const, public, def, , ,
__code_math_head                = $F185 ; const, public, def, , ,
__code_math_tail                = $F1F8 ; const, public, def, , ,
__code_math_size                = $0073 ; const, public, def, , ,
