PO_0                            = $0000 ; const, local, , m_loader_asm, , ../Z80proto_bio.def:10
PI_0                            = $000C ; const, local, , m_loader_asm, , ../Z80proto_bio.def:11
ROMSEL                          = $0008 ; const, local, , m_loader_asm, , ../Z80proto_bio.def:12
PAGE1                           = $0009 ; const, local, , m_loader_asm, , ../Z80proto_bio.def:13
SPI_DEVID_NULL                  = $0000 ; const, local, , m_loader_asm, , ../Z80proto_bio.def:16
SPI_DEVID_Ch1                   = $0040 ; const, local, , m_loader_asm, , ../Z80proto_bio.def:18
SPIROM_CMD_WRSR                 = $0001 ; const, local, , m_loader_asm, , ../Z80proto_bio.def:22
SPIROM_CMD_FAST_READ            = $000B ; const, local, , m_loader_asm, , ../Z80proto_bio.def:23
CTC_Ch0                         = $0020 ; const, local, , m_loader_asm, , ../z80sioctc.def:3
CTC_Ch1                         = $0021 ; const, local, , m_loader_asm, , ../z80sioctc.def:4
CTC_Ch2                         = $0022 ; const, local, , m_loader_asm, , ../z80sioctc.def:5
CTC_Ch3                         = $0023 ; const, local, , m_loader_asm, , ../z80sioctc.def:6
SIO_Ch0_D                       = $0024 ; const, local, , m_loader_asm, , ../z80sioctc.def:7
SIO_Ch0_C                       = $0025 ; const, local, , m_loader_asm, , ../z80sioctc.def:8
SIO_Ch1_C                       = $0027 ; const, local, , m_loader_asm, , ../z80sioctc.def:10
NULL                            = $0000 ; const, local, , m_loader_asm, , ../z80sioctc.def:13
BELL                            = $0007 ; const, local, , m_loader_asm, , ../z80sioctc.def:14
CR                              = $000D ; const, local, , m_loader_asm, , ../z80sioctc.def:15
LF                              = $000A ; const, local, , m_loader_asm, , ../z80sioctc.def:16
DELETE                          = $007F ; const, local, , m_loader_asm, , ../z80sioctc.def:17
BACKSPACE                       = $0008 ; const, local, , m_loader_asm, , ../z80sioctc.def:18
F_STAT_ALLSENT                  = $0000 ; const, local, , m_loader_asm, , ../z80sioctc.def:21
F_STAT_BREAK                    = $0001 ; const, local, , m_loader_asm, , ../z80sioctc.def:22
F_STAT_RECEIVE                  = $0002 ; const, local, , m_loader_asm, , ../z80sioctc.def:23
F_STAT_TXEMPTY                  = $0003 ; const, local, , m_loader_asm, , ../z80sioctc.def:24
PO_1                            = $0001 ; const, local, , m_loader_asm, , ../Z80proto_seg.def:3
PO_2                            = $0002 ; const, local, , m_loader_asm, , ../Z80proto_seg.def:4
S_SEG_0                         = $0000 ; const, local, , m_loader_asm, , ../Z80proto_seg.def:6
S_SEG_5                         = $0005 ; const, local, , m_loader_asm, , ../Z80proto_seg.def:11
BUF_SPIROM                      = $F800 ; const, local, , m_loader_asm, , ../memmap.def:7
BUF_SIO0RX                      = $F900 ; const, local, , m_loader_asm, , ../memmap.def:9
BUF_CON                         = $F980 ; const, local, , m_loader_asm, , ../memmap.def:13
SIZE_BUF_CON                    = $0040 ; const, local, , m_loader_asm, , ../memmap.def:14
BUF_SIO0TX                      = $F9C0 ; const, local, , m_loader_asm, , ../memmap.def:16
PO_2_BUP                        = $FB00 ; const, local, , m_loader_asm, , ../memmap.def:21
V_CNT_16                        = $FB02 ; const, local, , m_loader_asm, , ../memmap.def:23
V_CNT_8A                        = $FB04 ; const, local, , m_loader_asm, , ../memmap.def:24
V_CNT_8B                        = $FB05 ; const, local, , m_loader_asm, , ../memmap.def:25
SPI_SELD_DEV                    = $FB06 ; const, local, , m_loader_asm, , ../memmap.def:26
SEG_STATE                       = $FB10 ; const, local, , m_loader_asm, , ../memmap.def:28
SEG_POS                         = $FB11 ; const, local, , m_loader_asm, , ../memmap.def:29
SEG_0                           = $FB12 ; const, local, , m_loader_asm, , ../memmap.def:30
SEG_1                           = $FB13 ; const, local, , m_loader_asm, , ../memmap.def:31
SEG_2                           = $FB14 ; const, local, , m_loader_asm, , ../memmap.def:32
SEG_3                           = $FB15 ; const, local, , m_loader_asm, , ../memmap.def:33
SEG_4                           = $FB16 ; const, local, , m_loader_asm, , ../memmap.def:34
SEG_5                           = $FB17 ; const, local, , m_loader_asm, , ../memmap.def:35
BUF_ASC2BIN                     = $FB21 ; const, local, , m_loader_asm, , ../memmap.def:38
F_STAT_SIO0                     = $FB30 ; const, local, , m_loader_asm, , ../memmap.def:40
F_STAT_SIO1                     = $FB31 ; const, local, , m_loader_asm, , ../memmap.def:41
PTR_BUF_SIO0_RX_READ            = $FB32 ; const, local, , m_loader_asm, , ../memmap.def:42
PTR_BUF_SIO0_RX_WRITE           = $FB33 ; const, local, , m_loader_asm, , ../memmap.def:43
PTR_BUF_SIO1_RX_READ            = $FB34 ; const, local, , m_loader_asm, , ../memmap.def:44
PTR_BUF_SIO1_RX_WRITE           = $FB35 ; const, local, , m_loader_asm, , ../memmap.def:45
BUF_GETCHAR_SIO0                = $FB3A ; const, local, , m_loader_asm, , ../memmap.def:50
CNT_BUF_CON                     = $FB3B ; const, local, , m_loader_asm, , ../memmap.def:51
BUF_BREAKPOINT_ADDR             = $FBEC ; const, local, , m_loader_asm, , ../memmap.def:56
REG_BUF                         = $FBF0 ; const, local, , m_loader_asm, , ../memmap.def:58
rst00                           = $0000 ; addr, local, , m_loader_asm, , m_loader.asm:14
INTERRUPT_MODE                  = $0002 ; const, local, , m_loader_asm, , config.asm:5
main                            = $0080 ; addr, local, , m_loader_asm, , m_loader.asm:31
rst08                           = $0008 ; addr, local, , m_loader_asm, , ../crt_z80_rsts.asm:21
rst10                           = $0010 ; addr, local, , m_loader_asm, , ../crt_z80_rsts.asm:27
rst18                           = $0018 ; addr, local, , m_loader_asm, , ../crt_z80_rsts.asm:33
rst20                           = $0020 ; addr, local, , m_loader_asm, , ../crt_z80_rsts.asm:39
rst28                           = $0028 ; addr, local, , m_loader_asm, , ../crt_z80_rsts.asm:44
rst30                           = $0030 ; addr, local, , m_loader_asm, , ../crt_z80_rsts.asm:49
rst38                           = $0038 ; addr, local, , m_loader_asm, , ../crt_z80_rsts.asm:58
nmi                             = $0066 ; addr, local, , m_loader_asm, , ../crt_z80_rsts.asm:106
Vectors                         = $0070 ; addr, local, , m_loader_asm, , ../crt_z80_rsts.asm:114
INTDMA                          = $007A ; addr, local, , m_loader_asm, , ../crt_z80_rsts.asm:130
out_PO_2                        = $051F ; addr, local, , m_loader_asm, , m_loader.asm:683
init                            = $0090 ; addr, local, , m_loader_asm, , m_loader.asm:44
conf_sysmem                     = $0497 ; addr, local, , m_loader_asm, , m_loader.asm:582
SEG_TITLE_PROTO2                = $06B0 ; addr, local, , m_loader_asm, , m_loader.asm:749
loader                          = $00B1 ; addr, local, , m_loader_asm, , m_loader.asm:81
SEG_TITLE_LOADER                = $06B6 ; addr, local, , m_loader_asm, , m_loader.asm:757
STR_loader_title                = $06C2 ; addr, local, , m_loader_asm, , m_loader.asm:773
spirom_read00                   = $01BA ; addr, local, , m_loader_asm, , m_loader.asm:303
loader_cons                     = $00CC ; addr, local, , m_loader_asm, , m_loader.asm:102
SEG_TITLE_CONS                  = $06BC ; addr, local, , m_loader_asm, , m_loader.asm:765
loader_cons_oneliner            = $00D7 ; addr, local, , m_loader_asm, , m_loader.asm:108
STR_loader_prompt               = $06D5 ; addr, local, , m_loader_asm, , m_loader.asm:779
parse_cons                      = $00E9 ; addr, local, , m_loader_asm, , m_loader.asm:118
parse_cons_2                    = $00E9 ; addr, local, , m_loader_asm, , m_loader.asm:119
parse_cons_3                    = $00FB ; addr, local, , m_loader_asm, , m_loader.asm:132
spirom_loadIndex                = $01B4 ; addr, local, , m_loader_asm, , m_loader.asm:297
dump_cons                       = $011C ; addr, local, , m_loader_asm, , m_loader.asm:182
jump_cons                       = $010D ; addr, local, , m_loader_asm, , m_loader.asm:174
dump_cons_loop                  = $0129 ; addr, local, , m_loader_asm, , m_loader.asm:191
dump_cons2                      = $018E ; addr, local, , m_loader_asm, , m_loader.asm:259
dump_cons3                      = $0148 ; addr, local, , m_loader_asm, , m_loader.asm:211
dump_cons3_2                    = $014C ; addr, local, , m_loader_asm, , m_loader.asm:216
dump_cons3_3                    = $0152 ; addr, local, , m_loader_asm, , m_loader.asm:220
dump_cons3_4                    = $0178 ; addr, local, , m_loader_asm, , m_loader.asm:242
dump_cons3_5                    = $017D ; addr, local, , m_loader_asm, , m_loader.asm:245
de2buf_sio0tx                   = $018E ; addr, local, , m_loader_asm, , m_loader.asm:260
dump_cons2_end                  = $01AE ; addr, local, , m_loader_asm, , m_loader.asm:280
spirom_readIndex                = $0235 ; addr, local, , m_loader_asm, , m_loader.asm:369
spirom_setWRSR                  = $0266 ; addr, local, , m_loader_asm, , m_loader.asm:404
spirom_setAddr                  = $027C ; addr, local, , m_loader_asm, , m_loader.asm:418
spirom_read256toBUF             = $024E ; addr, local, , m_loader_asm, , m_loader.asm:385
spirom_read00_loop              = $021E ; addr, local, , m_loader_asm, , m_loader.asm:347
spirom_read256_loop             = $0255 ; addr, local, , m_loader_asm, , m_loader.asm:390
drv_7seg_sub_disp2              = $0546 ; addr, local, , m_loader_asm, , m_loader.asm:719
int_counter_dec                 = $0473 ; addr, local, , m_loader_asm, , m_loader.asm:543
int_SIO_Ch0_RCA                 = $02B7 ; addr, local, , m_loader_asm, , m_loader.asm:495
int_SIO_exit                    = $02D9 ; addr, local, , m_loader_asm, , m_loader.asm:519
int_SIO_Ch1                     = $02D7 ; addr, local, , m_loader_asm, , m_loader.asm:516
conf_CTC_Ch0                    = $02F4 ; addr, local, , m_loader_asm, , ../z80sio_sub.asm:27
conf_CTC_Ch1                    = $02FD ; addr, local, , m_loader_asm, , ../z80sio_sub.asm:44
conf_CTC_Ch2                    = $0306 ; addr, local, , m_loader_asm, , ../z80sio_sub.asm:59
SIO0_CONF                       = $032E ; addr, local, , m_loader_asm, , ../z80sio_sub.asm:101
SIO1_CONF                       = $0328 ; addr, local, , m_loader_asm, , ../z80sio_sub.asm:90
analyze_SIO0_RR0_bit0           = $034C ; addr, local, , m_loader_asm, , ../z80sio_sub.asm:140
analyze_SIO0_RR0_bit1           = $0354 ; addr, local, , m_loader_asm, , ../z80sio_sub.asm:147
analyze_SIO0_RR0_bit2           = $035F ; addr, local, , m_loader_asm, , ../z80sio_sub.asm:156
analyze_SIO0_RR0_bit6           = $0367 ; addr, local, , m_loader_asm, , ../z80sio_sub.asm:163
analyze_SIO0_RR0_bit7           = $0372 ; addr, local, , m_loader_asm, , ../z80sio_sub.asm:172
analyze_SIO0_RR1                = $0381 ; addr, local, , m_loader_asm, , ../z80sio_sub.asm:183
analyze_SIO0_RR1_bit0           = $038B ; addr, local, , m_loader_asm, , ../z80sio_sub.asm:191
analyze_SIO0_RR1_bit456         = $0393 ; addr, local, , m_loader_asm, , ../z80sio_sub.asm:198
analyze_SIO0_end                = $039F ; addr, local, , m_loader_asm, , ../z80sio_sub.asm:209
analyze_SIO0_RR1_bit456_e       = $0398 ; addr, local, , m_loader_asm, , ../z80sio_sub.asm:203
putchar_SIO0_1                  = $03AB ; addr, local, , m_loader_asm, , ../z80sio_sub.asm:220
putchar_SIO0_2                  = $03B4 ; addr, local, , m_loader_asm, , ../z80sio_sub.asm:225
getchar_SIO0_norecv             = $03E9 ; addr, local, , m_loader_asm, , ../z80sio_sub.asm:264
getchar_SIO0_exit               = $03EE ; addr, local, , m_loader_asm, , ../z80sio_sub.asm:268
puts_SIO0_loop                  = $03F5 ; addr, local, , m_loader_asm, , ../z80sio_sub.asm:278
puts_SIO0_end                   = $0400 ; addr, local, , m_loader_asm, , ../z80sio_sub.asm:287
del_cons                        = $042E ; addr, local, , m_loader_asm, , ../z80sio_sub.asm:332
bs_cons                         = $042E ; addr, local, , m_loader_asm, , ../z80sio_sub.asm:331
gets_SIO0_1                     = $041D ; addr, local, , m_loader_asm, , ../z80sio_sub.asm:313
gets_SIO0_2                     = $0429 ; addr, local, , m_loader_asm, , ../z80sio_sub.asm:325
bs_cons_2                       = $043D ; addr, local, , m_loader_asm, , ../z80sio_sub.asm:341
init_SIO_buffers                = $0447 ; addr, local, , m_loader_asm, , ../z80sio_sub.asm:349
int_counter_16                  = $0473 ; addr, local, , m_loader_asm, , m_loader.asm:544
int_counter_16_end              = $047C ; addr, local, , m_loader_asm, , m_loader.asm:549
int_counter_8                   = $047F ; addr, local, , m_loader_asm, , m_loader.asm:552
int_counter_8B                  = $0486 ; addr, local, , m_loader_asm, , m_loader.asm:557
int_counter_8_end               = $0490 ; addr, local, , m_loader_asm, , m_loader.asm:564
drv_7seg                        = $04C5 ; addr, local, , m_loader_asm, , m_loader.asm:618
drv_7seg_S0                     = $04D5 ; addr, local, , m_loader_asm, , m_loader.asm:630
drv_7seg_S2                     = $0507 ; addr, local, , m_loader_asm, , m_loader.asm:663
drv_7seg_S1                     = $04FE ; addr, local, , m_loader_asm, , m_loader.asm:658
drv_7seg_S0_1                   = $04E3 ; addr, local, , m_loader_asm, , m_loader.asm:638
drv_7seg_end                    = $051E ; addr, local, , m_loader_asm, , m_loader.asm:680
drv_7seg_exit                   = $0512 ; addr, local, , m_loader_asm, , m_loader.asm:670
drv_7seg_S0_ex2                 = $051B ; addr, local, , m_loader_asm, , m_loader.asm:677
drv_7seg_sub_disp4              = $0525 ; addr, local, , m_loader_asm, , m_loader.asm:694
drv_7seg_sub_disp2_2            = $0548 ; addr, local, , m_loader_asm, , m_loader.asm:722
debug_rst_exit                  = $0579 ; addr, local, , m_loader_asm, , ../Z80proto_dbg.asm:27
get_PC                          = $05B9 ; addr, local, , m_loader_asm, , ../Z80proto_dbg.asm:62
sub_05e4h                       = $05C7 ; addr, local, , m_loader_asm, , ../Z80proto_misc.asm:21
l05e8h                          = $05CA ; addr, local, , m_loader_asm, , ../Z80proto_misc.asm:23
l05e8h_2                        = $05D2 ; addr, local, , m_loader_asm, , ../Z80proto_misc.asm:29
numbers                         = $05E8 ; addr, local, , m_loader_asm, , ../Z80proto_misc.asm:48
asc2bin_A2F                     = $0649 ; addr, local, , m_loader_asm, , ../ascii_misc.asm:58
SCLK                            = $0003 ; const, local, , m_loader_asm, , ../Z80proto_spi.asm:9
MISO                            = $0004 ; const, local, , m_loader_asm, , ../Z80proto_spi.asm:10
MOSI                            = $0004 ; const, local, , m_loader_asm, , ../Z80proto_spi.asm:11
spi_read_8bit_2                 = $066C ; addr, local, , m_loader_asm, , ../Z80proto_spi.asm:45
spi_read_8bit_L                 = $067D ; addr, local, , m_loader_asm, , ../Z80proto_spi.asm:60
spi_read_8bit_H                 = $0679 ; addr, local, , m_loader_asm, , ../Z80proto_spi.asm:57
spi_read_8bit_3                 = $067F ; addr, local, , m_loader_asm, , ../Z80proto_spi.asm:63
spi_read_8bit_end               = $0686 ; addr, local, , m_loader_asm, , ../Z80proto_spi.asm:71
spi_write_8bit_2                = $0693 ; addr, local, , m_loader_asm, , ../Z80proto_spi.asm:91
spi_write_8bit_L                = $069B ; addr, local, , m_loader_asm, , ../Z80proto_spi.asm:97
spi_write_8bit_H                = $0697 ; addr, local, , m_loader_asm, , ../Z80proto_spi.asm:94
spi_write_8bit_3                = $069D ; addr, local, , m_loader_asm, , ../Z80proto_spi.asm:100
spi_write_8bit_end              = $06AB ; addr, local, , m_loader_asm, , ../Z80proto_spi.asm:115
spi_read_16bit                  = $06AF ; addr, local, , m_loader_asm, , ../Z80proto_spi.asm:122
spi_write_16bit                 = $06AF ; addr, local, , m_loader_asm, , ../Z80proto_spi.asm:123
INTSIO                          = $0078 ; addr, public, , m_loader_asm, , ../crt_z80_rsts.asm:126
INTCTC                          = $0070 ; addr, public, , m_loader_asm, , ../crt_z80_rsts.asm:119
putAreg2chrs                    = $0455 ; addr, public, , m_loader_asm, , ../z80sio_sub.asm:358
debug_rst08                     = $0567 ; addr, public, , m_loader_asm, , ../Z80proto_dbg.asm:12
debug_rst10                     = $056D ; addr, public, , m_loader_asm, , ../Z80proto_dbg.asm:17
debug_rst18                     = $0573 ; addr, public, , m_loader_asm, , ../Z80proto_dbg.asm:22
DEBUGSTOP                       = $05B2 ; addr, public, , m_loader_asm, , ../Z80proto_dbg.asm:55
int_CTC                         = $0295 ; addr, public, , m_loader_asm, , m_loader.asm:469
int_SIO                         = $02A5 ; addr, public, , m_loader_asm, , m_loader.asm:485
int_void                        = $02DF ; addr, public, , m_loader_asm, , m_loader.asm:526
DEBUGBREAK                      = $0585 ; addr, public, , m_loader_asm, , ../Z80proto_dbg.asm:37
Hexadecimal                     = $0050 ; addr, public, , m_loader_asm, , ../crt_z80_rsts.asm:87
analyze_SIO0                    = $033A ; addr, public, , m_loader_asm, , ../z80sio_sub.asm:127
putchar_SIO0                    = $03A4 ; addr, public, , m_loader_asm, , ../z80sio_sub.asm:216
getchar_SIO0                    = $03BE ; addr, public, , m_loader_asm, , ../z80sio_sub.asm:236
puts_SIO0                       = $03F4 ; addr, public, , m_loader_asm, , ../z80sio_sub.asm:275
gets_SIO0                       = $0402 ; addr, public, , m_loader_asm, , ../z80sio_sub.asm:292
conf_CTC                        = $02E3 ; addr, public, , m_loader_asm, , ../z80sio_sub.asm:15
conf_SIO                        = $030F ; addr, public, , m_loader_asm, , ../z80sio_sub.asm:69
sloop                           = $05BE ; addr, public, , m_loader_asm, , ../Z80proto_misc.asm:9
loop                            = $05C6 ; addr, public, , m_loader_asm, , ../Z80proto_misc.asm:19
get_SEG_CHR                     = $05D8 ; addr, public, , m_loader_asm, , ../Z80proto_misc.asm:37
p_ix2bc                         = $060A ; addr, public, , m_loader_asm, , ../ascii_misc.asm:7
nibble2a                        = $0624 ; addr, public, , m_loader_asm, , ../ascii_misc.asm:25
a2nibble                        = $0637 ; addr, public, , m_loader_asm, , ../ascii_misc.asm:41
asc2bin                         = $0642 ; addr, public, , m_loader_asm, , ../ascii_misc.asm:50
spi_dev_sel                     = $064E ; addr, public, , m_loader_asm, , ../Z80proto_spi.asm:14
spi_dev_unsel                   = $065C ; addr, public, , m_loader_asm, , ../Z80proto_spi.asm:29
spi_read_8bit                   = $0663 ; addr, public, , m_loader_asm, , ../Z80proto_spi.asm:35
spi_write_8bit                  = $068A ; addr, public, , m_loader_asm, , ../Z80proto_spi.asm:80
__head                          = $0000 ; const, public, def, , ,
__tail                          = $06D9 ; const, public, def, , ,
__size                          = $06D9 ; const, public, def, , ,
